This is pdfTeX, Version 3.141592653-2.6-1.40.27 (MiKTeX 25.4) (preloaded format=pdflatex 2025.11.13)  29 APR 2026 03:33
entering extended mode
 restricted \write18 enabled.
 file:line:error style messages enabled.
 %&-line parsing enabled.
**c:/Users/kasch/OneDrive/Desktop/Spring26/Defense/Project2/Deliverable03/Schoen_Keith_Project02_D3.tex
(c:/Users/kasch/OneDrive/Desktop/Spring26/Defense/Project2/Deliverable03/Schoen_Keith_Project02_D3.tex
LaTeX2e <2025-11-01>
L3 programming layer <2025-10-24>
(C:\Users\kasch\AppData\Local\Programs\MiKTeX\tex/latex/base\article.cls
Document Class: article 2025/01/22 v1.4n Standard LaTeX document class
(C:\Users\kasch\AppData\Local\Programs\MiKTeX\tex/latex/base\size12.clo
File: size12.clo 2025/01/22 v1.4n Standard LaTeX file (size option)
)
\c@part=\count275
\c@section=\count276
\c@subsection=\count277
\c@subsubsection=\count278
\c@paragraph=\count279
\c@subparagraph=\count280
\c@figure=\count281
\c@table=\count282
\abovecaptionskip=\skip49
\belowcaptionskip=\skip50
\bibindent=\dimen148
) (C:\Users\kasch\AppData\Local\Programs\MiKTeX\tex/latex/amsmath\amsmath.sty
Package: amsmath 2025/07/09 v2.17z AMS math features
\@mathmargin=\skip51

For additional information on amsmath, use the `?' option.
(C:\Users\kasch\AppData\Local\Programs\MiKTeX\tex/latex/amsmath\amstext.sty
Package: amstext 2024/11/17 v2.01 AMS text
 (C:\Users\kasch\AppData\Local\Programs\MiKTeX\tex/latex/amsmath\amsgen.sty
File: amsgen.sty 1999/11/30 v2.0 generic functions
\@emptytoks=\toks17
\ex@=\dimen149
)) (C:\Users\kasch\AppData\Local\Programs\MiKTeX\tex/latex/amsmath\amsbsy.sty
Package: amsbsy 1999/11/29 v1.2d Bold Symbols
\pmbraise@=\dimen150
) (C:\Users\kasch\AppData\Local\Programs\MiKTeX\tex/latex/amsmath\amsopn.sty
Package: amsopn 2022/04/08 v2.04 operator names
)
\inf@bad=\count283
LaTeX Info: Redefining \frac on input line 233.
\uproot@=\count284
\leftroot@=\count285
LaTeX Info: Redefining \overline on input line 398.
LaTeX Info: Redefining \colon on input line 409.
\classnum@=\count286
\DOTSCASE@=\count287
LaTeX Info: Redefining \ldots on input line 495.
LaTeX Info: Redefining \dots on input line 498.
LaTeX Info: Redefining \cdots on input line 619.
\Mathstrutbox@=\box53
\strutbox@=\box54
LaTeX Info: Redefining \big on input line 721.
LaTeX Info: Redefining \Big on input line 722.
LaTeX Info: Redefining \bigg on input line 723.
LaTeX Info: Redefining \Bigg on input line 724.
\big@size=\dimen151
LaTeX Font Info:    Redeclaring font encoding OML on input line 742.
LaTeX Font Info:    Redeclaring font encoding OMS on input line 743.
\macc@depth=\count288
LaTeX Info: Redefining \bmod on input line 904.
LaTeX Info: Redefining \pmod on input line 909.
LaTeX Info: Redefining \smash on input line 939.
LaTeX Info: Redefining \relbar on input line 969.
LaTeX Info: Redefining \Relbar on input line 970.
\c@MaxMatrixCols=\count289
\dotsspace@=\muskip17
\c@parentequation=\count290
\dspbrk@lvl=\count291
\tag@help=\toks18
\row@=\count292
\column@=\count293
\maxfields@=\count294
\andhelp@=\toks19
\eqnshift@=\dimen152
\alignsep@=\dimen153
\tagshift@=\dimen154
\tagwidth@=\dimen155
\totwidth@=\dimen156
\lineht@=\dimen157
\@envbody=\toks20
\multlinegap=\skip52
\multlinetaggap=\skip53
\mathdisplay@stack=\toks21
LaTeX Info: Redefining \[ on input line 2950.
LaTeX Info: Redefining \] on input line 2951.
) (C:\Users\kasch\AppData\Local\Programs\MiKTeX\tex/latex/amsfonts\amssymb.sty
Package: amssymb 2013/01/14 v3.01 AMS font symbols
 (C:\Users\kasch\AppData\Local\Programs\MiKTeX\tex/latex/amsfonts\amsfonts.sty
Package: amsfonts 2013/01/14 v3.01 Basic AMSFonts support
\symAMSa=\mathgroup4
\symAMSb=\mathgroup5
LaTeX Font Info:    Redeclaring math symbol \hbar on input line 98.
LaTeX Font Info:    Overwriting math alphabet `\mathfrak' in version `bold'
(Font)                  U/euf/m/n --> U/euf/b/n on input line 106.
)) (C:\Users\kasch\AppData\Local\Programs\MiKTeX\tex/latex/fancyhdr\fancyhdr.sty
Package: fancyhdr 2025/02/07 v5.2 Extensive control of page headers and footers
\f@nch@headwidth=\skip54
\f@nch@offset@elh=\skip55
\f@nch@offset@erh=\skip56
\f@nch@offset@olh=\skip57
\f@nch@offset@orh=\skip58
\f@nch@offset@elf=\skip59
\f@nch@offset@erf=\skip60
\f@nch@offset@olf=\skip61
\f@nch@offset@orf=\skip62
\f@nch@height=\skip63
\f@nch@footalignment=\skip64
\f@nch@widthL=\skip65
\f@nch@widthC=\skip66
\f@nch@widthR=\skip67
\@temptokenb=\toks22
) (C:\Users\kasch\AppData\Local\Programs\MiKTeX\tex/latex/geometry\geometry.sty
Package: geometry 2020/01/02 v5.9 Page Geometry
 (C:\Users\kasch\AppData\Local\Programs\MiKTeX\tex/latex/graphics\keyval.sty
Package: keyval 2022/05/29 v1.15 key=value parser (DPC)
\KV@toks@=\toks23
) (C:\Users\kasch\AppData\Local\Programs\MiKTeX\tex/generic/iftex\ifvtex.sty
Package: ifvtex 2019/10/25 v1.7 ifvtex legacy package. Use iftex instead.
 (C:\Users\kasch\AppData\Local\Programs\MiKTeX\tex/generic/iftex\iftex.sty
Package: iftex 2024/12/12 v1.0g TeX engine tests
))
\Gm@cnth=\count295
\Gm@cntv=\count296
\c@Gm@tempcnt=\count297
\Gm@bindingoffset=\dimen158
\Gm@wd@mp=\dimen159
\Gm@odd@mp=\dimen160
\Gm@even@mp=\dimen161
\Gm@layoutwidth=\dimen162
\Gm@layoutheight=\dimen163
\Gm@layouthoffset=\dimen164
\Gm@layoutvoffset=\dimen165
\Gm@dimlist=\toks24
 (C:\Users\kasch\AppData\Local\Programs\MiKTeX\tex/latex/geometry\geometry.cfg)) (C:\Users\kasch\AppData\Local\Programs\MiKTeX\tex/latex/hanging\hanging.sty
Package: hanging 2009/09/02 v1.2b hanging paragraphs and punctuation
\h@ngcommawd=\skip68
\h@ngfstopwd=\skip69
\h@ngquotewd=\skip70
\h@ngdquotewd=\skip71
\h@ngquerywd=\skip72
\h@ngexclwd=\skip73
\h@ngcolonwd=\skip74
\h@ngscolonwd=\skip75
) (C:\Users\kasch\AppData\Local\Programs\MiKTeX\tex/latex/enumitem\enumitem.sty
Package: enumitem 2025/02/06 v3.11 Customized lists
\labelindent=\skip76
\enit@outerparindent=\dimen166
\enit@toks=\toks25
\enit@inbox=\box55
\enit@count@id=\count298
\enitdp@description=\count299
) (C:\Users\kasch\AppData\Local\Programs\MiKTeX\tex/latex/graphics\graphicx.sty
Package: graphicx 2024/12/31 v1.2e Enhanced LaTeX Graphics (DPC,SPQR)
 (C:\Users\kasch\AppData\Local\Programs\MiKTeX\tex/latex/graphics\graphics.sty
Package: graphics 2024/08/06 v1.4g Standard LaTeX Graphics (DPC,SPQR)
 (C:\Users\kasch\AppData\Local\Programs\MiKTeX\tex/latex/graphics\trig.sty
Package: trig 2023/12/02 v1.11 sin cos tan (DPC)
) (C:\Users\kasch\AppData\Local\Programs\MiKTeX\tex/latex/graphics-cfg\graphics.cfg
File: graphics.cfg 2016/06/04 v1.11 sample graphics configuration
)
Package graphics Info: Driver file: pdftex.def on input line 106.
 (C:\Users\kasch\AppData\Local\Programs\MiKTeX\tex/latex/graphics-def\pdftex.def
File: pdftex.def 2025/09/29 v1.2d Graphics/color driver for pdftex
))
\Gin@req@height=\dimen167
\Gin@req@width=\dimen168
) (C:\Users\kasch\AppData\Local\Programs\MiKTeX\tex/latex/setspace\setspace.sty
Package: setspace 2022/12/04 v6.7b set line spacing
) (C:\Users\kasch\AppData\Local\Programs\MiKTeX\tex/latex/tools\tabularx.sty
Package: tabularx 2023/12/11 v2.12a `tabularx' package (DPC)
 (C:\Users\kasch\AppData\Local\Programs\MiKTeX\tex/latex/tools\array.sty
Package: array 2025/09/25 v2.6n Tabular extension package (FMi)
\col@sep=\dimen169
\ar@mcellbox=\box56
\extrarowheight=\dimen170
\NC@list=\toks26
\extratabsurround=\skip77
\backup@length=\skip78
\ar@cellbox=\box57
)
\TX@col@width=\dimen171
\TX@old@table=\dimen172
\TX@old@col=\dimen173
\TX@target=\dimen174
\TX@delta=\dimen175
\TX@cols=\count300
\TX@ftn=\toks27
) (C:\Users\kasch\AppData\Local\Programs\MiKTeX\tex/latex/xcolor\xcolor.sty
Package: xcolor 2024/09/29 v3.02 LaTeX color extensions (UK)
 (C:\Users\kasch\AppData\Local\Programs\MiKTeX\tex/latex/graphics-cfg\color.cfg
File: color.cfg 2016/01/02 v1.6 sample color configuration
)
Package xcolor Info: Driver file: pdftex.def on input line 274.
 (C:\Users\kasch\AppData\Local\Programs\MiKTeX\tex/latex/graphics\mathcolor.ltx)
Package xcolor Info: Model `cmy' substituted by `cmy0' on input line 1349.
Package xcolor Info: Model `hsb' substituted by `rgb' on input line 1353.
Package xcolor Info: Model `RGB' extended on input line 1365.
Package xcolor Info: Model `HTML' substituted by `rgb' on input line 1367.
Package xcolor Info: Model `Hsb' substituted by `hsb' on input line 1368.
Package xcolor Info: Model `tHsb' substituted by `hsb' on input line 1369.
Package xcolor Info: Model `HSB' substituted by `hsb' on input line 1370.
Package xcolor Info: Model `Gray' substituted by `gray' on input line 1371.
Package xcolor Info: Model `wave' substituted by `hsb' on input line 1372.
) (C:\Users\kasch\AppData\Local\Programs\MiKTeX\tex/latex/colortbl\colortbl.sty
Package: colortbl 2024/10/29 v1.0k Color table columns (DPC)
\everycr=\toks28
\minrowclearance=\skip79
\rownum=\count301
) (C:\Users\kasch\AppData\Local\Programs\MiKTeX\tex/latex/tools\longtable.sty
Package: longtable 2025-10-13 v4.24 Multi-page Table package (DPC)
\LTleft=\skip80
\LTright=\skip81
\LTpre=\skip82
\LTpost=\skip83
\LTchunksize=\count302
\LTcapwidth=\dimen176
\LT@head=\box58
\LT@firsthead=\box59
\LT@foot=\box60
\LT@lastfoot=\box61
\LT@gbox=\box62
\LT@cols=\count303
\LT@rows=\count304
\c@LT@tables=\count305
\c@LT@chunks=\count306
\LT@p@ftn=\toks29
) (C:\Users\kasch\AppData\Local\Programs\MiKTeX\tex/latex/booktabs\booktabs.sty
Package: booktabs 2020/01/12 v1.61803398 Publication quality tables
\heavyrulewidth=\dimen177
\lightrulewidth=\dimen178
\cmidrulewidth=\dimen179
\belowrulesep=\dimen180
\belowbottomsep=\dimen181
\aboverulesep=\dimen182
\abovetopsep=\dimen183
\cmidrulesep=\dimen184
\cmidrulekern=\dimen185
\defaultaddspace=\dimen186
\@cmidla=\count307
\@cmidlb=\count308
\@aboverulesep=\dimen187
\@belowrulesep=\dimen188
\@thisruleclass=\count309
\@lastruleclass=\count310
\@thisrulewidth=\dimen189
) (C:\Users\kasch\AppData\Local\Programs\MiKTeX\tex/latex/hyperref\hyperref.sty
Package: hyperref 2025-07-12 v7.01o Hypertext links for LaTeX
 (C:\Users\kasch\AppData\Local\Programs\MiKTeX\tex/latex/kvsetkeys\kvsetkeys.sty
Package: kvsetkeys 2022-10-05 v1.19 Key value parser (HO)
) (C:\Users\kasch\AppData\Local\Programs\MiKTeX\tex/generic/kvdefinekeys\kvdefinekeys.sty
Package: kvdefinekeys 2019-12-19 v1.6 Define keys (HO)
) (C:\Users\kasch\AppData\Local\Programs\MiKTeX\tex/generic/pdfescape\pdfescape.sty
Package: pdfescape 2019/12/09 v1.15 Implements pdfTeX's escape features (HO)
 (C:\Users\kasch\AppData\Local\Programs\MiKTeX\tex/generic/ltxcmds\ltxcmds.sty
Package: ltxcmds 2023-12-04 v1.26 LaTeX kernel commands for general use (HO)
) (C:\Users\kasch\AppData\Local\Programs\MiKTeX\tex/generic/pdftexcmds\pdftexcmds.sty
Package: pdftexcmds 2020-06-27 v0.33 Utility functions of pdfTeX for LuaTeX (HO)
 (C:\Users\kasch\AppData\Local\Programs\MiKTeX\tex/generic/infwarerr\infwarerr.sty
Package: infwarerr 2019/12/03 v1.5 Providing info/warning/error messages (HO)
)
Package pdftexcmds Info: \pdf@primitive is available.
Package pdftexcmds Info: \pdf@ifprimitive is available.
Package pdftexcmds Info: \pdfdraftmode found.
)) (C:\Users\kasch\AppData\Local\Programs\MiKTeX\tex/latex/hycolor\hycolor.sty
Package: hycolor 2020-01-27 v1.10 Color options for hyperref/bookmark (HO)
) (C:\Users\kasch\AppData\Local\Programs\MiKTeX\tex/latex/hyperref\nameref.sty
Package: nameref 2025-06-21 v2.57 Cross-referencing by name of section
 (C:\Users\kasch\AppData\Local\Programs\MiKTeX\tex/latex/refcount\refcount.sty
Package: refcount 2019/12/15 v3.6 Data extraction from label references (HO)
) (C:\Users\kasch\AppData\Local\Programs\MiKTeX\tex/generic/gettitlestring\gettitlestring.sty
Package: gettitlestring 2019/12/15 v1.6 Cleanup title references (HO)
 (C:\Users\kasch\AppData\Local\Programs\MiKTeX\tex/latex/kvoptions\kvoptions.sty
Package: kvoptions 2022-06-15 v3.15 Key value format for package options (HO)
))
\c@section@level=\count311
) (C:\Users\kasch\AppData\Local\Programs\MiKTeX\tex/latex/etoolbox\etoolbox.sty
Package: etoolbox 2025/10/02 v2.5m e-TeX tools for LaTeX (JAW)
\etb@tempcnta=\count312
) (C:\Users\kasch\AppData\Local\Programs\MiKTeX\tex/generic/stringenc\stringenc.sty
Package: stringenc 2019/11/29 v1.12 Convert strings between diff. encodings (HO)
)
\@linkdim=\dimen190
\Hy@linkcounter=\count313
\Hy@pagecounter=\count314
 (C:\Users\kasch\AppData\Local\Programs\MiKTeX\tex/latex/hyperref\pd1enc.def
File: pd1enc.def 2025-07-12 v7.01o Hyperref: PDFDocEncoding definition (HO)
Now handling font encoding PD1 ...
... no UTF-8 mapping file for font encoding PD1
) (C:\Users\kasch\AppData\Local\Programs\MiKTeX\tex/generic/intcalc\intcalc.sty
Package: intcalc 2019/12/15 v1.3 Expandable calculations with integers (HO)
)
\Hy@SavedSpaceFactor=\count315
 (C:\Users\kasch\AppData\Local\Programs\MiKTeX\tex/latex/hyperref\puenc.def
File: puenc.def 2025-07-12 v7.01o Hyperref: PDF Unicode definition (HO)
Now handling font encoding PU ...
... no UTF-8 mapping file for font encoding PU
)
Package hyperref Info: Hyper figures OFF on input line 4195.
Package hyperref Info: Link nesting OFF on input line 4200.
Package hyperref Info: Hyper index ON on input line 4203.
Package hyperref Info: Plain pages OFF on input line 4210.
Package hyperref Info: Backreferencing OFF on input line 4215.
Package hyperref Info: Implicit mode ON; LaTeX internals redefined.
Package hyperref Info: Bookmarks ON on input line 4462.
\c@Hy@tempcnt=\count316
 (C:\Users\kasch\AppData\Local\Programs\MiKTeX\tex/latex/url\url.sty
\Urlmuskip=\muskip18
Package: url 2013/09/16  ver 3.4  Verb mode for urls, etc.
)
LaTeX Info: Redefining \url on input line 4801.
\XeTeXLinkMargin=\dimen191
 (C:\Users\kasch\AppData\Local\Programs\MiKTeX\tex/generic/bitset\bitset.sty
Package: bitset 2019/12/09 v1.3 Handle bit-vector datatype (HO)
 (C:\Users\kasch\AppData\Local\Programs\MiKTeX\tex/generic/bigintcalc\bigintcalc.sty
Package: bigintcalc 2019/12/15 v1.5 Expandable calculations on big integers (HO)
))
\Fld@menulength=\count317
\Field@Width=\dimen192
\Fld@charsize=\dimen193
Package hyperref Info: Hyper figures OFF on input line 6078.
Package hyperref Info: Link nesting OFF on input line 6083.
Package hyperref Info: Hyper index ON on input line 6086.
Package hyperref Info: backreferencing OFF on input line 6093.
Package hyperref Info: Link coloring OFF on input line 6098.
Package hyperref Info: Link coloring with OCG OFF on input line 6103.
Package hyperref Info: PDF/A mode OFF on input line 6108.
\Hy@abspage=\count318
\c@Item=\count319
\c@Hfootnote=\count320
)
Package hyperref Info: Driver (autodetected): hpdftex.
 (C:\Users\kasch\AppData\Local\Programs\MiKTeX\tex/latex/hyperref\hpdftex.def
File: hpdftex.def 2025-07-12 v7.01o Hyperref driver for pdfTeX
\Fld@listcount=\count321
\c@bookmark@seq@number=\count322
 (C:\Users\kasch\AppData\Local\Programs\MiKTeX\tex/latex/rerunfilecheck\rerunfilecheck.sty
Package: rerunfilecheck 2025-06-21 v1.11 Rerun checks for auxiliary files (HO)
 (C:\Users\kasch\AppData\Local\Programs\MiKTeX\tex/generic/uniquecounter\uniquecounter.sty
Package: uniquecounter 2019/12/15 v1.4 Provide unlimited unique counter (HO)
)
Package uniquecounter Info: New unique counter `rerunfilecheck' on input line 284.
)
\Hy@SectionHShift=\skip84
) (C:\Users\kasch\AppData\Local\Programs\MiKTeX\tex/latex/parskip\parskip.sty
Package: parskip 2021-03-14 v2.0h non-zero parskip adjustments
) (C:\Users\kasch\AppData\Local\Programs\MiKTeX\tex/latex/listings\listings.sty \lstset,
\lst@mode=\count323
 
new hook `InitVars',

new hook `EndGroup',

new hook `ExitVars',

new hook `ModeTrue',

new hook `EOL',
\lst@gtempboxa=\box63
\lst@token=\toks30
\lst@length=\count324

new hook `InitVarsBOL',
\lst@currlwidth=\dimen194
\lst@column=\count325
\lst@pos=\count326
\lst@lostspace=\dimen195
\lst@width=\dimen196
basewidth, 
new hook `FontAdjust',
fontadjust, 
new hook `PostOutput',

new hook `OutputBox',

new hook `InitBOL',
columns, flexiblecolumns,
\lst@newlines=\count327
 
new hook `OnNewLine',
emptylines, 
new hook `OnEmptyLine',
identifierstyle, 
new hook `EmptyStyle',

new hook `OutputOther',

new hook `Output',
tabsize, showtabs, tab, showspaces, keepspaces, 
new hook `Init',
formfeed, upquote, SelectCharTable, MoreSelectCharTable, 
new hook `SetLanguage',
extendedchars, useoutput, rescanchars, alsoletter, alsodigit, alsoother, 
new hook `SelectCharTable',
excludedelims, delim, moredelim, deletedelim, literate, basicstyle, inputencoding, multicols, 
new hook `EveryLine',
\lst@lineno=\count328
print, firstline, lastline, 
new hook `PreSet',
nolol, linerange, consecutivenumbers, rangeprefix, rangesuffix, rangebeginprefix, rangebeginsuffix, rangeendprefix, rangeendsuffix, includerangemarker, 
new hook `DeInit',
captionpos, abovecaptionskip, belowcaptionskip, label, title, caption, 
new hook `TextStyle',
\lstlistingname, \lstlistingnamestyle, numberbychapter, boxpos, float, floatplacement, aboveskip, belowskip, everydisplay, 
new hook `DisplayStyle',

new hook `PreInit',

new hook `EveryPar',
showlines,
\lst@maxwidth=\dimen197
 
new hook `InitVarsEOL',
gobble, name, \lstlistlistingname, \lstlistoflistings, inputpath, \lstnewenvironment, fancyvrb, (C:\Users\kasch\AppData\Local\Programs\MiKTeX\tex/latex/listings\lstpatch.sty
File: lstpatch.sty 2025/10/06 1.11 (Carsten Heinz)
) (C:\Users\kasch\AppData\Local\Programs\MiKTeX\tex/latex/listings\lstmisc.sty
File: lstmisc.sty 2025/10/06 1.11 (Carsten Heinz)
 
Define lst-aspect `strings': string, morestring, deletestring, stringstyle, showstringspaces, 
new hook `ExcludeDelims',

Allocs: none

Define lst-aspect `comments': comment, morecomment, deletecomment, commentstyle, 
new hook `AfterBeginComment',

Allocs: none

Define lst-aspect `escape': texcl, escapebegin, escapeend, escapechar, escapeinside, mathescape, 
Allocs: none

Define lst-aspect `keywords': sensitive, 
new hook `TrackKeywords',

new hook `PostTrackKeywords',

new hook `DetectKeywords',
classoffset, keywords, morekeywords, deletekeywords, keywordstyle, keywordstyle, ndkeywords, morendkeywords, deletendkeywords, ndkeywordstyle, keywordsprefix, otherkeywords, 
Allocs: none

Define lst-aspect `emph': emph, moreemph, deleteemph, emphstyle, 
Allocs: none

Define lst-aspect `index': index, moreindex, deleteindex, indexstyle, \lstindexmacro, 
Allocs: none

Define lst-aspect `style': \lststylefiles, \lstdefinestyle, \lst@definestyle, style, 
new hook `SetStyle',

Allocs: none

Define lst-aspect `language': \lstlanguagefiles, \lstdefinelanguage, \lst@definelanguage, language, alsolanguage, \lstalias, defaultdialect, 
Allocs: none

Define lst-aspect `labels': numbers, stepnumber, numberfirstline, numberstyle, numbersep, numberblanklines, firstnumber,
\c@lstnumber=\count329
\lst@skipnumbers=\count330
 
Allocs: 2\count, 

Define lst-aspect `lineshape': xleftmargin, xrightmargin, resetmargins, 
new hook `BoxUnsafe',
linewidth, lineskip, breaklines, breakindent, breakautoindent, breakatwhitespace, prebreak, postbreak, 
Allocs: none

Define lst-aspect `frames': framexleftmargin, framexrightmargin, framextopmargin, framexbottommargin, backgroundcolor, fillcolor, rulecolor, rulesepcolor, rulesep, framerule, framesep, frameshape, frameround, frame,
\lst@framebox=\box64
 
Allocs: 1\box, 
) 
Allocs: 8\count, 4\dimen, 2\box, 1\toks, 
(C:\Users\kasch\AppData\Local\Programs\MiKTeX\tex/latex/listings\listings.cfg
File: listings.cfg 2025/10/06 1.11 listings configuration
))
Package: listings 2025/10/06 1.11 (Carsten Heinz)

==> First Aid for listings.sty no longer applied!
    Expected:
        2024/09/23 1.10c (Carsten Heinz)
    but found:
        2025/10/06 1.11 (Carsten Heinz)
    so I'm assuming it got fixed.
(C:\Users\kasch\AppData\Local\Programs\MiKTeX\tex/latex/mdframed\mdframed.sty
Package: mdframed 2013/07/01 1.9b: mdframed
 (C:\Users\kasch\AppData\Local\Programs\MiKTeX\tex/latex/l3packages/xparse\xparse.sty (C:\Users\kasch\AppData\Local\Programs\MiKTeX\tex/latex/l3kernel\expl3.sty
Package: expl3 2025-10-24 L3 programming layer (loader) 
 (C:\Users\kasch\AppData\Local\Programs\MiKTeX\tex/latex/l3backend\l3backend-pdftex.def
File: l3backend-pdftex.def 2025-10-09 L3 backend support: PDF output (pdfTeX)
\l__color_backend_stack_int=\count331
))
Package: xparse 2025-10-09 L3 Experimental document command parser
) (C:\Users\kasch\AppData\Local\Programs\MiKTeX\tex/latex/zref\zref-abspage.sty
Package: zref-abspage 2026-03-07 v2.37 Module abspage for zref (HO)
 (C:\Users\kasch\AppData\Local\Programs\MiKTeX\tex/latex/zref\zref-base.sty
Package: zref-base 2026-03-07 v2.37 Module base for zref (HO)
 (C:\Users\kasch\AppData\Local\Programs\MiKTeX\tex/generic/etexcmds\etexcmds.sty
Package: etexcmds 2019/12/15 v1.7 Avoid name clashes with e-TeX commands (HO)
) (C:\Users\kasch\AppData\Local\Programs\MiKTeX\tex/latex/auxhook\auxhook.sty
Package: auxhook 2019-12-17 v1.6 Hooks for auxiliary files (HO)
)
Package zref Info: New property list: main on input line 767.
Package zref Info: New property: default on input line 768.
Package zref Info: New property: page on input line 769.
)
\c@abspage=\count332
Package zref Info: New property: abspage on input line 67.
) (C:\Users\kasch\AppData\Local\Programs\MiKTeX\tex/latex/needspace\needspace.sty
Package: needspace 2025/03/13 v1.3e reserve vertical space
)
\mdf@templength=\skip85
\c@mdf@globalstyle@cnt=\count333
\mdf@skipabove@length=\skip86
\mdf@skipbelow@length=\skip87
\mdf@leftmargin@length=\skip88
\mdf@rightmargin@length=\skip89
\mdf@innerleftmargin@length=\skip90
\mdf@innerrightmargin@length=\skip91
\mdf@innertopmargin@length=\skip92
\mdf@innerbottommargin@length=\skip93
\mdf@splittopskip@length=\skip94
\mdf@splitbottomskip@length=\skip95
\mdf@outermargin@length=\skip96
\mdf@innermargin@length=\skip97
\mdf@linewidth@length=\skip98
\mdf@innerlinewidth@length=\skip99
\mdf@middlelinewidth@length=\skip100
\mdf@outerlinewidth@length=\skip101
\mdf@roundcorner@length=\skip102
\mdf@footenotedistance@length=\skip103
\mdf@userdefinedwidth@length=\skip104
\mdf@needspace@length=\skip105
\mdf@frametitleaboveskip@length=\skip106
\mdf@frametitlebelowskip@length=\skip107
\mdf@frametitlerulewidth@length=\skip108
\mdf@frametitleleftmargin@length=\skip109
\mdf@frametitlerightmargin@length=\skip110
\mdf@shadowsize@length=\skip111
\mdf@extratopheight@length=\skip112
\mdf@subtitleabovelinewidth@length=\skip113
\mdf@subtitlebelowlinewidth@length=\skip114
\mdf@subtitleaboveskip@length=\skip115
\mdf@subtitlebelowskip@length=\skip116
\mdf@subtitleinneraboveskip@length=\skip117
\mdf@subtitleinnerbelowskip@length=\skip118
\mdf@subsubtitleabovelinewidth@length=\skip119
\mdf@subsubtitlebelowlinewidth@length=\skip120
\mdf@subsubtitleaboveskip@length=\skip121
\mdf@subsubtitlebelowskip@length=\skip122
\mdf@subsubtitleinneraboveskip@length=\skip123
\mdf@subsubtitleinnerbelowskip@length=\skip124
 (C:\Users\kasch\AppData\Local\Programs\MiKTeX\tex/latex/mdframed\md-frame-0.mdf
File: md-frame-0.mdf 2013/07/01\ 1.9b: md-frame-0
)
\mdf@frametitlebox=\box65
\mdf@footnotebox=\box66
\mdf@splitbox@one=\box67
\mdf@splitbox@two=\box68
\mdf@splitbox@save=\box69
\mdfsplitboxwidth=\skip125
\mdfsplitboxtotalwidth=\skip126
\mdfsplitboxheight=\skip127
\mdfsplitboxdepth=\skip128
\mdfsplitboxtotalheight=\skip129
\mdfframetitleboxwidth=\skip130
\mdfframetitleboxtotalwidth=\skip131
\mdfframetitleboxheight=\skip132
\mdfframetitleboxdepth=\skip133
\mdfframetitleboxtotalheight=\skip134
\mdffootnoteboxwidth=\skip135
\mdffootnoteboxtotalwidth=\skip136
\mdffootnoteboxheight=\skip137
\mdffootnoteboxdepth=\skip138
\mdffootnoteboxtotalheight=\skip139
\mdftotallinewidth=\skip140
\mdfboundingboxwidth=\skip141
\mdfboundingboxtotalwidth=\skip142
\mdfboundingboxheight=\skip143
\mdfboundingboxdepth=\skip144
\mdfboundingboxtotalheight=\skip145
\mdf@freevspace@length=\skip146
\mdf@horizontalwidthofbox@length=\skip147
\mdf@verticalmarginwhole@length=\skip148
\mdf@horizontalspaceofbox=\skip149
\mdfsubtitleheight=\skip150
\mdfsubsubtitleheight=\skip151
\c@mdfcountframes=\count334

****** mdframed patching \endmdf@trivlist

****** -- success******

\mdf@envdepth=\count335
\c@mdf@env@i=\count336
\c@mdf@env@ii=\count337
\c@mdf@zref@counter=\count338
Package zref Info: New property: mdf@pagevalue on input line 895.
) (C:\Users\kasch\AppData\Local\Programs\MiKTeX\tex/latex/psnfss\pifont.sty
Package: pifont 2020/03/25 PSNFSS-v9.3 Pi font support (SPQR) 
LaTeX Font Info:    Trying to load font information for U+pzd on input line 63.
 (C:\Users\kasch\AppData\Local\Programs\MiKTeX\tex/latex/psnfss\upzd.fd
File: upzd.fd 2001/06/04 font definitions for U/pzd.
)
LaTeX Font Info:    Trying to load font information for U+psy on input line 64.
 (C:\Users\kasch\AppData\Local\Programs\MiKTeX\tex/latex/psnfss\upsy.fd
File: upsy.fd 2001/06/04 font definitions for U/psy.
)) (Schoen_Keith_Project02_D3.aux)
\openout1 = `Schoen_Keith_Project02_D3.aux'.

LaTeX Font Info:    Checking defaults for OML/cmm/m/it on input line 184.
LaTeX Font Info:    ... okay on input line 184.
LaTeX Font Info:    Checking defaults for OMS/cmsy/m/n on input line 184.
LaTeX Font Info:    ... okay on input line 184.
LaTeX Font Info:    Checking defaults for OT1/cmr/m/n on input line 184.
LaTeX Font Info:    ... okay on input line 184.
LaTeX Font Info:    Checking defaults for T1/cmr/m/n on input line 184.
LaTeX Font Info:    ... okay on input line 184.
LaTeX Font Info:    Checking defaults for TS1/cmr/m/n on input line 184.
LaTeX Font Info:    ... okay on input line 184.
LaTeX Font Info:    Checking defaults for OMX/cmex/m/n on input line 184.
LaTeX Font Info:    ... okay on input line 184.
LaTeX Font Info:    Checking defaults for U/cmr/m/n on input line 184.
LaTeX Font Info:    ... okay on input line 184.
LaTeX Font Info:    Checking defaults for PD1/pdf/m/n on input line 184.
LaTeX Font Info:    ... okay on input line 184.
LaTeX Font Info:    Checking defaults for PU/pdf/m/n on input line 184.
LaTeX Font Info:    ... okay on input line 184.

*geometry* driver: auto-detecting
*geometry* detected driver: pdftex
*geometry* verbose mode - [ preamble ] result:
* driver: pdftex
* paper: letterpaper
* layout: <same size as paper>
* layoutoffset:(h,v)=(0.0pt,0.0pt)
* modes: 
* h-part:(L,W,R)=(72.26999pt, 469.75502pt, 72.26999pt)
* v-part:(T,H,B)=(72.26999pt, 650.43001pt, 72.26999pt)
* \paperwidth=614.295pt
* \paperheight=794.96999pt
* \textwidth=469.75502pt
* \textheight=650.43001pt
* \oddsidemargin=0.0pt
* \evensidemargin=0.0pt
* \topmargin=-37.0pt
* \headheight=12.0pt
* \headsep=25.0pt
* \topskip=12.0pt
* \footskip=30.0pt
* \marginparwidth=44.0pt
* \marginparsep=10.0pt
* \columnsep=10.0pt
* \skip\footins=10.8pt plus 4.0pt minus 2.0pt
* \hoffset=0.0pt
* \voffset=0.0pt
* \mag=1000
* \@twocolumnfalse
* \@twosidefalse
* \@mparswitchfalse
* \@reversemarginfalse
* (1in=72.27pt=25.4mm, 1cm=28.453pt)

(C:\Users\kasch\AppData\Local\Programs\MiKTeX\tex/context/base/mkii\supp-pdf.mkii
[Loading MPS to PDF converter (version 2006.09.02).]
\scratchcounter=\count339
\scratchdimen=\dimen198
\scratchbox=\box70
\nofMPsegments=\count340
\nofMParguments=\count341
\everyMPshowfont=\toks31
\MPscratchCnt=\count342
\MPscratchDim=\dimen199
\MPnumerator=\count343
\makeMPintoPDFobject=\count344
\everyMPtoPDFconversion=\toks32
) (C:\Users\kasch\AppData\Local\Programs\MiKTeX\tex/latex/epstopdf-pkg\epstopdf-base.sty
Package: epstopdf-base 2020-01-24 v2.11 Base part for package epstopdf
Package epstopdf-base Info: Redefining graphics rule for `.eps' on input line 485.
 (C:\Users\kasch\AppData\Local\Programs\MiKTeX\tex/latex/00miktex\epstopdf-sys.cfg
File: epstopdf-sys.cfg 2021/03/18 v2.0 Configuration of epstopdf for MiKTeX
))
Package hyperref Info: Link coloring OFF on input line 184.
 (Schoen_Keith_Project02_D3.out) (Schoen_Keith_Project02_D3.out)
\@outlinefile=\write3
\openout3 = `Schoen_Keith_Project02_D3.out'.

\c@lstlisting=\count345
<images/logo.png, id=131, 1121.28pt x 1121.28pt>
File: images/logo.png Graphic file (type png)
<use images/logo.png>
Package pdftex.def Info: images/logo.png  used on input line 193.
(pdftex.def)             Requested size: 164.41711pt x 164.40358pt.
 [1

{C:/Users/kasch/AppData/Local/MiKTeX/fonts/map/pdftex/pdftex.map} <./images/logo.png>] (Schoen_Keith_Project02_D3.toc
LaTeX Font Info:    Trying to load font information for U+msa on input line 2.
 (C:\Users\kasch\AppData\Local\Programs\MiKTeX\tex/latex/amsfonts\umsa.fd
File: umsa.fd 2013/01/14 v3.01 AMS symbols A
)
LaTeX Font Info:    Trying to load font information for U+msb on input line 2.
 (C:\Users\kasch\AppData\Local\Programs\MiKTeX\tex/latex/amsfonts\umsb.fd
File: umsb.fd 2013/01/14 v3.01 AMS symbols B
) [1])
\tf@toc=\write4
\openout4 = `Schoen_Keith_Project02_D3.toc'.


pdfTeX warning (ext4): destination with the same identifier (name{page.}) has been already used, duplicate ignored
<to be read again> 
                   \relax 
l.216 \clearpage
                 [2]
Overfull \hbox (20.1806pt too wide) in paragraph at lines 249--249
[]|\OT1/cmr/bx/n/12 Composite| 
 []


Overfull \hbox (20.1806pt too wide) in paragraph at lines 253--253
[]|\OT1/cmr/bx/n/12 Composite| 
 []


Overfull \hbox (5.39542pt too wide) in paragraph at lines 258--258
[]|[][][][][][]| 
 []


Underfull \hbox (badness 10000) in paragraph at lines 259--259
[]|\OT1/cmr/m/n/12 Anonymous FTP lo-gin
 []


Underfull \hbox (badness 10000) in paragraph at lines 259--259
\OT1/cmr/m/n/12 --- con-fi-den-tial di-rec-tory
 []


Underfull \hbox (badness 10000) in paragraph at lines 262--262
[]|\OT1/cmr/m/n/12 Ubuntu
 []


Overfull \hbox (5.39542pt too wide) in paragraph at lines 265--265
[]|[][][][][][]| 
 []


Underfull \hbox (badness 10000) in paragraph at lines 269--269
[]|\OT1/cmr/m/n/12 Ubuntu
 []


Overfull \hbox (5.39542pt too wide) in paragraph at lines 272--272
[]|[][][][][][]| 
 []


Underfull \hbox (badness 10000) in paragraph at lines 276--276
[]|\OT1/cmr/m/n/12 Ubuntu
 []


Overfull \hbox (6.41827pt too wide) in paragraph at lines 278--278
[]|\OT1/cmr/bx/n/12 FW1| 
 []


Underfull \hbox (badness 3930) in paragraph at lines 280--280
[]|\OT1/cmr/m/n/12 Firewall de-fault AC-CEPT
 []


Overfull \hbox (6.41827pt too wide) in paragraph at lines 285--285
[]|\OT1/cmr/bx/n/12 FW2| 
 []


Overfull \hbox (6.41827pt too wide) in paragraph at lines 292--292
[]|\OT1/cmr/bx/n/12 FW3| 
 []


Overfull \hbox (5.39542pt too wide) in paragraph at lines 293--293
[]|[][][][][][]| 
 []


Overfull \hbox (6.41827pt too wide) in paragraph at lines 299--299
[]|\OT1/cmr/bx/n/12 FW4| 
 []


Overfull \hbox (5.39542pt too wide) in paragraph at lines 300--300
[]|[][][][][][]| 
 []


Overfull \hbox (5.39542pt too wide) in paragraph at lines 307--307
[]|[][][][][][]| 
 []


Underfull \hbox (badness 10000) in paragraph at lines 311--311
[]|\OT1/cmr/m/n/12 Windows
 []


Overfull \hbox (5.39542pt too wide) in paragraph at lines 314--314
[]|[][][][][][]| 
 []


Underfull \hbox (badness 7832) in paragraph at lines 315--315
[]|\OT1/cmr/m/n/12 DCE/RPC end-point enu-
 []


Underfull \hbox (badness 10000) in paragraph at lines 318--318
[]|\OT1/cmr/m/n/12 Windows
 []


Underfull \hbox (badness 10000) in paragraph at lines 325--325
[]|\OT1/cmr/m/n/12 Ubuntu,
 []


Underfull \hbox (badness 10000) in paragraph at lines 332--332
[]|\OT1/cmr/m/n/12 Ubuntu,
 []


Underfull \hbox (badness 10000) in paragraph at lines 339--339
[]|\OT1/cmr/m/n/12 Ubuntu
 []

c:/Users/kasch/OneDrive/Desktop/Spring26/Defense/Project2/Deliverable03/Schoen_Keith_Project02_D3.tex:341: ignored error: Infinite glue shrinkage found in box being split

Package fancyhdr Warning: \headheight is too small (12.0pt): 
(fancyhdr)                Make it at least 14.49998pt, for example:
(fancyhdr)                \setlength{\headheight}{14.49998pt}.
(fancyhdr)                You might also make \topmargin smaller:
(fancyhdr)                \addtolength{\topmargin}{-2.49998pt}.


pdfTeX warning (ext4): destination with the same identifier (name{page.1}) has been already used, duplicate ignored
<to be read again> 
                   \relax 
l.341 \end{longtable}
                      [1

]

Package fancyhdr Warning: \headheight is too small (12.0pt): 
(fancyhdr)                Make it at least 14.49998pt, for example:
(fancyhdr)                \setlength{\headheight}{14.49998pt}.
(fancyhdr)                You might also make \topmargin smaller:
(fancyhdr)                \addtolength{\topmargin}{-2.49998pt}.

[2]

Package fancyhdr Warning: \headheight is too small (12.0pt): 
(fancyhdr)                Make it at least 14.49998pt, for example:
(fancyhdr)                \setlength{\headheight}{14.49998pt}.
(fancyhdr)                You might also make \topmargin smaller:
(fancyhdr)                \addtolength{\topmargin}{-2.49998pt}.

[3]
Underfull \hbox (badness 10000) in paragraph at lines 442--442
[]|\OT1/cmr/bx/n/12 Depends
 []


Underfull \hbox (badness 10000) in paragraph at lines 446--446
[]|\OT1/cmr/bx/n/12 Depends
 []


Overfull \hbox (6.41827pt too wide) in paragraph at lines 450--450
[]|\OT1/cmr/bx/n/12 FW1| 
 []


Underfull \hbox (badness 10000) in paragraph at lines 451--451
[]|\OT1/cmr/m/n/12 FW2
 []


Underfull \hbox (badness 10000) in paragraph at lines 451--451
[]|\OT1/cmr/m/n/12 Router
 []


Overfull \hbox (6.41827pt too wide) in paragraph at lines 453--453
[]|\OT1/cmr/bx/n/12 FW2| 
 []


Underfull \hbox (badness 10000) in paragraph at lines 454--454
[]|\OT1/cmr/m/n/12 FW1
 []


Underfull \hbox (badness 10000) in paragraph at lines 454--454
[]|\OT1/cmr/m/n/12 Router
 []


Overfull \hbox (6.41827pt too wide) in paragraph at lines 456--456
[]|\OT1/cmr/bx/n/12 FW3| 
 []


Underfull \hbox (badness 10000) in paragraph at lines 457--457
[]|\OT1/cmr/m/n/12 FW1,
 []


Underfull \hbox (badness 10000) in paragraph at lines 457--457
[]|\OT1/cmr/m/n/12 Router
 []


Overfull \hbox (6.41827pt too wide) in paragraph at lines 459--459
[]|\OT1/cmr/bx/n/12 FW4| 
 []


Underfull \hbox (badness 10000) in paragraph at lines 459--459
[]|\OT1/cmr/m/n/12 Management ser-vices
 []


Underfull \hbox (badness 10000) in paragraph at lines 460--460
[]|\OT1/cmr/m/n/12 FW1--
 []


Underfull \hbox (badness 10000) in paragraph at lines 460--460
[]|\OT1/cmr/m/n/12 Router
 []


Underfull \hbox (badness 5985) in paragraph at lines 462--462
[]|\OT1/cmr/m/n/12 Anonymous FTP ---
 []


Underfull \hbox (badness 10000) in paragraph at lines 462--462
\OT1/cmr/m/n/12 con-fi-den-tial di-rec-tory
 []


Underfull \hbox (badness 10000) in paragraph at lines 463--463
[]|\OT1/cmr/m/n/12 Ubuntu
 []


Underfull \hbox (badness 2205) in paragraph at lines 465--465
[]|\OT1/cmr/m/n/12 Cleartext HTTP cre-
 []


Underfull \hbox (badness 10000) in paragraph at lines 466--466
[]|\OT1/cmr/m/n/12 Ubuntu
 []


Underfull \hbox (badness 10000) in paragraph at lines 469--469
[]|\OT1/cmr/m/n/12 Ubuntu
 []


Underfull \hbox (badness 10000) in paragraph at lines 471--471
[]|\OT1/cmr/m/n/12 Deprecated TLS
 []


Overfull \hbox (1.44366pt too wide) in paragraph at lines 472--472
[]|[][][][][][]| 
 []


Underfull \hbox (badness 10000) in paragraph at lines 472--472
[]|\OT1/cmr/m/n/12 Windows
 []


Underfull \hbox (badness 10000) in paragraph at lines 474--474
[]|\OT1/cmr/m/n/12 DCE/RPC end-point
 []


Overfull \hbox (1.44366pt too wide) in paragraph at lines 475--475
[]|[][][][][][]| 
 []


Underfull \hbox (badness 10000) in paragraph at lines 475--475
[]|\OT1/cmr/m/n/12 Windows
 []


Underfull \hbox (badness 10000) in paragraph at lines 478--478
[]|\OT1/cmr/m/n/12 Ubuntu, Win-
 []


Underfull \hbox (badness 10000) in paragraph at lines 481--481
[]|\OT1/cmr/m/n/12 Ubuntu, Win-
 []


Underfull \hbox (badness 10000) in paragraph at lines 484--484
[]|\OT1/cmr/m/n/12 Ubuntu
 []


Package fancyhdr Warning: \headheight is too small (12.0pt): 
(fancyhdr)                Make it at least 14.49998pt, for example:
(fancyhdr)                \setlength{\headheight}{14.49998pt}.
(fancyhdr)                You might also make \topmargin smaller:
(fancyhdr)                \addtolength{\topmargin}{-2.49998pt}.

[4]
c:/Users/kasch/OneDrive/Desktop/Spring26/Defense/Project2/Deliverable03/Schoen_Keith_Project02_D3.tex:487: ignored error: Infinite glue shrinkage found in box being split

Package fancyhdr Warning: \headheight is too small (12.0pt): 
(fancyhdr)                Make it at least 14.49998pt, for example:
(fancyhdr)                \setlength{\headheight}{14.49998pt}.
(fancyhdr)                You might also make \topmargin smaller:
(fancyhdr)                \addtolength{\topmargin}{-2.49998pt}.

[5]

Package fancyhdr Warning: \headheight is too small (12.0pt): 
(fancyhdr)                Make it at least 14.49998pt, for example:
(fancyhdr)                \setlength{\headheight}{14.49998pt}.
(fancyhdr)                You might also make \topmargin smaller:
(fancyhdr)                \addtolength{\topmargin}{-2.49998pt}.

[6]

Package fancyhdr Warning: \headheight is too small (12.0pt): 
(fancyhdr)                Make it at least 14.49998pt, for example:
(fancyhdr)                \setlength{\headheight}{14.49998pt}.
(fancyhdr)                You might also make \topmargin smaller:
(fancyhdr)                \addtolength{\topmargin}{-2.49998pt}.

[7]

Package fancyhdr Warning: \headheight is too small (12.0pt): 
(fancyhdr)                Make it at least 14.49998pt, for example:
(fancyhdr)                \setlength{\headheight}{14.49998pt}.
(fancyhdr)                You might also make \topmargin smaller:
(fancyhdr)                \addtolength{\topmargin}{-2.49998pt}.

[8]

Package fancyhdr Warning: \headheight is too small (12.0pt): 
(fancyhdr)                Make it at least 14.49998pt, for example:
(fancyhdr)                \setlength{\headheight}{14.49998pt}.
(fancyhdr)                You might also make \topmargin smaller:
(fancyhdr)                \addtolength{\topmargin}{-2.49998pt}.

[9]

Package fancyhdr Warning: \headheight is too small (12.0pt): 
(fancyhdr)                Make it at least 14.49998pt, for example:
(fancyhdr)                \setlength{\headheight}{14.49998pt}.
(fancyhdr)                You might also make \topmargin smaller:
(fancyhdr)                \addtolength{\topmargin}{-2.49998pt}.

[10]

Package fancyhdr Warning: \headheight is too small (12.0pt): 
(fancyhdr)                Make it at least 14.49998pt, for example:
(fancyhdr)                \setlength{\headheight}{14.49998pt}.
(fancyhdr)                You might also make \topmargin smaller:
(fancyhdr)                \addtolength{\topmargin}{-2.49998pt}.

[11]
Package mdframed Info: Not enough space on this page on input line 725.


Package fancyhdr Warning: \headheight is too small (12.0pt): 
(fancyhdr)                Make it at least 14.49998pt, for example:
(fancyhdr)                \setlength{\headheight}{14.49998pt}.
(fancyhdr)                You might also make \topmargin smaller:
(fancyhdr)                \addtolength{\topmargin}{-2.49998pt}.

[12]
Package mdframed Info: Not enough space on this page on input line 725.


Package fancyhdr Warning: \headheight is too small (12.0pt): 
(fancyhdr)                Make it at least 14.49998pt, for example:
(fancyhdr)                \setlength{\headheight}{14.49998pt}.
(fancyhdr)                You might also make \topmargin smaller:
(fancyhdr)                \addtolength{\topmargin}{-2.49998pt}.

[13]

Package fancyhdr Warning: \headheight is too small (12.0pt): 
(fancyhdr)                Make it at least 14.49998pt, for example:
(fancyhdr)                \setlength{\headheight}{14.49998pt}.
(fancyhdr)                You might also make \topmargin smaller:
(fancyhdr)                \addtolength{\topmargin}{-2.49998pt}.

[14]

Package fancyhdr Warning: \headheight is too small (12.0pt): 
(fancyhdr)                Make it at least 14.49998pt, for example:
(fancyhdr)                \setlength{\headheight}{14.49998pt}.
(fancyhdr)                You might also make \topmargin smaller:
(fancyhdr)                \addtolength{\topmargin}{-2.49998pt}.

[15]

Package fancyhdr Warning: \headheight is too small (12.0pt): 
(fancyhdr)                Make it at least 14.49998pt, for example:
(fancyhdr)                \setlength{\headheight}{14.49998pt}.
(fancyhdr)                You might also make \topmargin smaller:
(fancyhdr)                \addtolength{\topmargin}{-2.49998pt}.

[16]

Package fancyhdr Warning: \headheight is too small (12.0pt): 
(fancyhdr)                Make it at least 14.49998pt, for example:
(fancyhdr)                \setlength{\headheight}{14.49998pt}.
(fancyhdr)                You might also make \topmargin smaller:
(fancyhdr)                \addtolength{\topmargin}{-2.49998pt}.

[17]
Package mdframed Info: Not enough space on this page on input line 908.


Package fancyhdr Warning: \headheight is too small (12.0pt): 
(fancyhdr)                Make it at least 14.49998pt, for example:
(fancyhdr)                \setlength{\headheight}{14.49998pt}.
(fancyhdr)                You might also make \topmargin smaller:
(fancyhdr)                \addtolength{\topmargin}{-2.49998pt}.

[18]

Package fancyhdr Warning: \headheight is too small (12.0pt): 
(fancyhdr)                Make it at least 14.49998pt, for example:
(fancyhdr)                \setlength{\headheight}{14.49998pt}.
(fancyhdr)                You might also make \topmargin smaller:
(fancyhdr)                \addtolength{\topmargin}{-2.49998pt}.

[19]

Package fancyhdr Warning: \headheight is too small (12.0pt): 
(fancyhdr)                Make it at least 14.49998pt, for example:
(fancyhdr)                \setlength{\headheight}{14.49998pt}.
(fancyhdr)                You might also make \topmargin smaller:
(fancyhdr)                \addtolength{\topmargin}{-2.49998pt}.

[20]

Package fancyhdr Warning: \headheight is too small (12.0pt): 
(fancyhdr)                Make it at least 14.49998pt, for example:
(fancyhdr)                \setlength{\headheight}{14.49998pt}.
(fancyhdr)                You might also make \topmargin smaller:
(fancyhdr)                \addtolength{\topmargin}{-2.49998pt}.

[21]

Package fancyhdr Warning: \headheight is too small (12.0pt): 
(fancyhdr)                Make it at least 14.49998pt, for example:
(fancyhdr)                \setlength{\headheight}{14.49998pt}.
(fancyhdr)                You might also make \topmargin smaller:
(fancyhdr)                \addtolength{\topmargin}{-2.49998pt}.

[22]

Package fancyhdr Warning: \headheight is too small (12.0pt): 
(fancyhdr)                Make it at least 14.49998pt, for example:
(fancyhdr)                \setlength{\headheight}{14.49998pt}.
(fancyhdr)                You might also make \topmargin smaller:
(fancyhdr)                \addtolength{\topmargin}{-2.49998pt}.

[23]
Overfull \hbox (10.64847pt too wide) in paragraph at lines 1130--1135
[]\OT1/cmr/m/n/12 Both SSH servers ad-ver-tise sup-port for \OT1/cmtt/m/n/12 umac-64-etm@openssh.com \OT1/cmr/m/n/12 and \OT1/cmtt/m/n/12 umac-64@openssh.com
 []

LaTeX Font Info:    Trying to load font information for OMS+cmtt on input line 1158.
LaTeX Font Info:    No file OMScmtt.fd. on input line 1158.

LaTeX Font Warning: Font shape `OMS/cmtt/m/n' undefined
(Font)              using `OMS/cmsy/m/n' instead
(Font)              for symbol `textbackslash' on input line 1158.


Package fancyhdr Warning: \headheight is too small (12.0pt): 
(fancyhdr)                Make it at least 14.49998pt, for example:
(fancyhdr)                \setlength{\headheight}{14.49998pt}.
(fancyhdr)                You might also make \topmargin smaller:
(fancyhdr)                \addtolength{\topmargin}{-2.49998pt}.

[24]

Package fancyhdr Warning: \headheight is too small (12.0pt): 
(fancyhdr)                Make it at least 14.49998pt, for example:
(fancyhdr)                \setlength{\headheight}{14.49998pt}.
(fancyhdr)                You might also make \topmargin smaller:
(fancyhdr)                \addtolength{\topmargin}{-2.49998pt}.

[25]
Package mdframed Info: Not enough space on this page on input line 1197.


Package fancyhdr Warning: \headheight is too small (12.0pt): 
(fancyhdr)                Make it at least 14.49998pt, for example:
(fancyhdr)                \setlength{\headheight}{14.49998pt}.
(fancyhdr)                You might also make \topmargin smaller:
(fancyhdr)                \addtolength{\topmargin}{-2.49998pt}.

[26]

Package fancyhdr Warning: \headheight is too small (12.0pt): 
(fancyhdr)                Make it at least 14.49998pt, for example:
(fancyhdr)                \setlength{\headheight}{14.49998pt}.
(fancyhdr)                You might also make \topmargin smaller:
(fancyhdr)                \addtolength{\topmargin}{-2.49998pt}.

[27]

Package fancyhdr Warning: \headheight is too small (12.0pt): 
(fancyhdr)                Make it at least 14.49998pt, for example:
(fancyhdr)                \setlength{\headheight}{14.49998pt}.
(fancyhdr)                You might also make \topmargin smaller:
(fancyhdr)                \addtolength{\topmargin}{-2.49998pt}.

[28]

Package fancyhdr Warning: \headheight is too small (12.0pt): 
(fancyhdr)                Make it at least 14.49998pt, for example:
(fancyhdr)                \setlength{\headheight}{14.49998pt}.
(fancyhdr)                You might also make \topmargin smaller:
(fancyhdr)                \addtolength{\topmargin}{-2.49998pt}.

[29]

Package fancyhdr Warning: \headheight is too small (12.0pt): 
(fancyhdr)                Make it at least 14.49998pt, for example:
(fancyhdr)                \setlength{\headheight}{14.49998pt}.
(fancyhdr)                You might also make \topmargin smaller:
(fancyhdr)                \addtolength{\topmargin}{-2.49998pt}.

[30]

Package fancyhdr Warning: \headheight is too small (12.0pt): 
(fancyhdr)                Make it at least 14.49998pt, for example:
(fancyhdr)                \setlength{\headheight}{14.49998pt}.
(fancyhdr)                You might also make \topmargin smaller:
(fancyhdr)                \addtolength{\topmargin}{-2.49998pt}.

[31]
Package mdframed Info: Not enough space on this page on input line 1452.


Package fancyhdr Warning: \headheight is too small (12.0pt): 
(fancyhdr)                Make it at least 14.49998pt, for example:
(fancyhdr)                \setlength{\headheight}{14.49998pt}.
(fancyhdr)                You might also make \topmargin smaller:
(fancyhdr)                \addtolength{\topmargin}{-2.49998pt}.

[32]
Package mdframed Info: Not enough space on this page on input line 1452.


Package fancyhdr Warning: \headheight is too small (12.0pt): 
(fancyhdr)                Make it at least 14.49998pt, for example:
(fancyhdr)                \setlength{\headheight}{14.49998pt}.
(fancyhdr)                You might also make \topmargin smaller:
(fancyhdr)                \addtolength{\topmargin}{-2.49998pt}.

[33]

Package fancyhdr Warning: \headheight is too small (12.0pt): 
(fancyhdr)                Make it at least 14.49998pt, for example:
(fancyhdr)                \setlength{\headheight}{14.49998pt}.
(fancyhdr)                You might also make \topmargin smaller:
(fancyhdr)                \addtolength{\topmargin}{-2.49998pt}.

[34]

Package fancyhdr Warning: \headheight is too small (12.0pt): 
(fancyhdr)                Make it at least 14.49998pt, for example:
(fancyhdr)                \setlength{\headheight}{14.49998pt}.
(fancyhdr)                You might also make \topmargin smaller:
(fancyhdr)                \addtolength{\topmargin}{-2.49998pt}.

[35]
Overfull \hbox (7.47781pt too wide) in paragraph at lines 1614--1614
[]|\OT1/cmr/bx/n/12 FW1--
 []


Underfull \hbox (badness 10000) in paragraph at lines 1615--1615
[]|\OT1/cmr/m/n/12 Packet log-ging
 []


Underfull \hbox (badness 10000) in paragraph at lines 1616--1616
[]|\OT1/cmr/m/n/12 iptables LOG
 []


Overfull \hbox (0.72781pt too wide) in paragraph at lines 1619--1619
[]|\OT1/cmr/bx/n/12 FW4| 
 []


Underfull \hbox (badness 10000) in paragraph at lines 1620--1620
[]|\OT1/cmr/m/n/12 Restrict Web-
 []


Underfull \hbox (badness 10000) in paragraph at lines 1621--1621
[]|\OT1/cmr/m/n/12 miniserv.conf
 []


Underfull \hbox (badness 10000) in paragraph at lines 1624--1624
[]|\OT1/cmr/bx/n/12 F1,
 []


Underfull \hbox (badness 4217) in paragraph at lines 1626--1626
[]|\OT1/cmr/m/n/12 iptables FOR-
 []


Underfull \hbox (badness 10000) in paragraph at lines 1627--1627
[]|\OT1/cmr/m/n/12 Anonymous FTP
 []


Underfull \hbox (badness 10000) in paragraph at lines 1629--1629
[]|\OT1/cmr/bx/n/12 F1,
 []


Underfull \hbox (badness 10000) in paragraph at lines 1630--1630
[]|\OT1/cmr/m/n/12 Enable vs-ftpd
 []


Underfull \hbox (badness 10000) in paragraph at lines 1631--1631
[]|\OT1/cmr/m/n/12 vsftpd.conf
 []


Underfull \hbox (badness 10000) in paragraph at lines 1631--1631
\OT1/cmr/m/n/12 xfer-log di-rec-
 []


Underfull \hbox (badness 10000) in paragraph at lines 1634--1634
[]|\OT1/cmr/bx/n/12 F1,
 []


Underfull \hbox (badness 10000) in paragraph at lines 1635--1635
[]|\OT1/cmr/m/n/12 Relocate con-fi-
 []


Underfull \hbox (badness 10000) in paragraph at lines 1636--1636
[]|\OT1/cmr/m/n/12 Filesystem ---
 []


Underfull \hbox (badness 4492) in paragraph at lines 1640--1640
[]|\OT1/cmr/m/n/12 Restrict HTTP
 []


Underfull \hbox (badness 10000) in paragraph at lines 1640--1640
\OT1/cmr/m/n/12 to au-tho-rized
 []


Underfull \hbox (badness 4217) in paragraph at lines 1641--1641
[]|\OT1/cmr/m/n/12 iptables FOR-
 []


Underfull \hbox (badness 3668) in paragraph at lines 1641--1641
\OT1/cmr/m/n/12 WARD source
 []


Underfull \hbox (badness 4673) in paragraph at lines 1645--1645
[]|\OT1/cmr/m/n/12 Passive cre-den-
 []


Underfull \hbox (badness 10000) in paragraph at lines 1646--1646
[]|\OT1/cmr/m/n/12 tcpdump on
 []


Underfull \hbox (badness 10000) in paragraph at lines 1646--1646
\OT1/cmr/m/n/12 Kali man-age-
 []


Underfull \hbox (badness 10000) in paragraph at lines 1651--1651
[]|\OT1/cmr/m/n/12 iptables +
 []


Underfull \hbox (badness 10000) in paragraph at lines 1656--1656
[]|\OT1/cmr/m/n/12 Windows au-
 []


Underfull \hbox (badness 1270) in paragraph at lines 1660--1660
[]|\OT1/cmr/m/n/12 Block port 135
 []


Underfull \hbox (badness 4217) in paragraph at lines 1661--1661
[]|\OT1/cmr/m/n/12 iptables FOR-
 []


Underfull \hbox (badness 10000) in paragraph at lines 1662--1662
[]|\OT1/cmr/m/n/12 Windows Fire-wall
 []


Underfull \hbox (badness 10000) in paragraph at lines 1665--1665
[]|\OT1/cmr/m/n/12 Disable Print
 []


Underfull \hbox (badness 10000) in paragraph at lines 1666--1666
[]|\OT1/cmr/m/n/12 Windows
 []


Underfull \hbox (badness 10000) in paragraph at lines 1666--1666
\OT1/cmr/m/n/12 ser-vice ---
 []

c:/Users/kasch/OneDrive/Desktop/Spring26/Defense/Project2/Deliverable03/Schoen_Keith_Project02_D3.tex:1670: ignored error: Infinite glue shrinkage found in box being split

Package fancyhdr Warning: \headheight is too small (12.0pt): 
(fancyhdr)                Make it at least 14.49998pt, for example:
(fancyhdr)                \setlength{\headheight}{14.49998pt}.
(fancyhdr)                You might also make \topmargin smaller:
(fancyhdr)                \addtolength{\topmargin}{-2.49998pt}.

[36]
c:/Users/kasch/OneDrive/Desktop/Spring26/Defense/Project2/Deliverable03/Schoen_Keith_Project02_D3.tex:1670: ignored error: Infinite glue shrinkage found in box being split

Package fancyhdr Warning: \headheight is too small (12.0pt): 
(fancyhdr)                Make it at least 14.49998pt, for example:
(fancyhdr)                \setlength{\headheight}{14.49998pt}.
(fancyhdr)                You might also make \topmargin smaller:
(fancyhdr)                \addtolength{\topmargin}{-2.49998pt}.

[37]

Package fancyhdr Warning: \headheight is too small (12.0pt): 
(fancyhdr)                Make it at least 14.49998pt, for example:
(fancyhdr)                \setlength{\headheight}{14.49998pt}.
(fancyhdr)                You might also make \topmargin smaller:
(fancyhdr)                \addtolength{\topmargin}{-2.49998pt}.

[38]
Overfull \hbox (2.69827pt too wide) in paragraph at lines 1701--1701
[]|\OT1/cmr/bx/n/12 CFR| 
 []


Overfull \hbox (2.69827pt too wide) in paragraph at lines 1707--1707
[]|\OT1/cmr/bx/n/12 CFR| 
 []


Overfull \hbox (4.42017pt too wide) in paragraph at lines 1714--1714
[]|\OT1/cmr/m/n/12 (a)(1)| 
 []


Underfull \hbox (badness 3690) in paragraph at lines 1717--1718
[]|\OT1/cmr/m/n/12 Each user must have a
 []


Underfull \hbox (badness 3668) in paragraph at lines 1717--1718
\OT1/cmr/m/n/12 unique name or num-ber
 []


Overfull \hbox (4.42017pt too wide) in paragraph at lines 1720--1720
[]|\OT1/cmr/m/n/12 (a)(1)| 
 []


Overfull \hbox (4.42017pt too wide) in paragraph at lines 1726--1726
[]|\OT1/cmr/m/n/12 (a)(1)| 
 []


Overfull \hbox (40.43791pt too wide) in paragraph at lines 1728--1728
[]|\OT1/cmr/m/n/12 Encryption/Decryption
 []


Overfull \hbox (4.42017pt too wide) in paragraph at lines 1731--1731
[]|\OT1/cmr/m/n/12 (a)(2)| 
 []


Underfull \hbox (badness 6842) in paragraph at lines 1733--1733
[]|\OT1/cmr/m/it/12 (no sub-specs)
 []


Underfull \hbox (badness 10000) in paragraph at lines 1739--1739
[]|\OT1/cmr/m/n/12 Authentication
 []


Underfull \hbox (badness 10000) in paragraph at lines 1739--1739
\OT1/cmr/m/n/12 Mech-a-nism
 []


Underfull \hbox (badness 1005) in paragraph at lines 1744--1744
[]|\OT1/cmr/m/n/12 Person or En-
 []


Underfull \hbox (badness 6477) in paragraph at lines 1744--1744
\OT1/cmr/m/n/12 tity Au-then-ti-
 []


Underfull \hbox (badness 6842) in paragraph at lines 1745--1745
[]|\OT1/cmr/m/it/12 (no sub-specs)
 []


Underfull \hbox (badness 4492) in paragraph at lines 1746--1747
[]|\OT1/cmr/m/n/12 Implement pro-ce-dures to
 []


Overfull \hbox (3.7674pt too wide) in paragraph at lines 1749--1749
[]|\OT1/cmr/m/n/12 (e)(1)| 
 []


Underfull \hbox (badness 10000) in paragraph at lines 1750--1750
[]|\OT1/cmr/m/n/12 Transmission
 []


Underfull \hbox (badness 3758) in paragraph at lines 1751--1751
[]|\OT1/cmr/m/n/12 Integrity Con-
 []


Underfull \hbox (badness 5504) in paragraph at lines 1752--1753
[]|\OT1/cmr/m/n/12 Implement se-cu-rity mea-
 []


Overfull \hbox (3.7674pt too wide) in paragraph at lines 1755--1755
[]|\OT1/cmr/m/n/12 (e)(1)| 
 []


Underfull \hbox (badness 10000) in paragraph at lines 1756--1756
[]|\OT1/cmr/m/n/12 Transmission
 []


Underfull \hbox (badness 10000) in paragraph at lines 1757--1757
[]|\OT1/cmr/m/n/12 Encryption
 []


Underfull \hbox (badness 4967) in paragraph at lines 1758--1759
\OT1/cmr/m/n/12 en-crypt ePHI in tran-sit
 []

c:/Users/kasch/OneDrive/Desktop/Spring26/Defense/Project2/Deliverable03/Schoen_Keith_Project02_D3.tex:1762: ignored error: Infinite glue shrinkage found in box being split

Package fancyhdr Warning: \headheight is too small (12.0pt): 
(fancyhdr)                Make it at least 14.49998pt, for example:
(fancyhdr)                \setlength{\headheight}{14.49998pt}.
(fancyhdr)                You might also make \topmargin smaller:
(fancyhdr)                \addtolength{\topmargin}{-2.49998pt}.

[39]
Overfull \hbox (13.16827pt too wide) in paragraph at lines 1789--1789
[]|\OT1/cmr/bx/n/12 FW1--
 []


Underfull \hbox (badness 5161) in paragraph at lines 1790--1790
[]|\OT1/cmr/m/n/12 Default AC-CEPT,
 []


Underfull \hbox (badness 10000) in paragraph at lines 1790--1790
\OT1/cmr/m/n/12 un-re-stricted for-
 []


Underfull \hbox (badness 5359) in paragraph at lines 1792--1793
[]|\OT1/cmr/m/n/12 No perime-ter con-
 []


Underfull \hbox (badness 10000) in paragraph at lines 1792--1793
\OT1/cmr/m/n/12 trols means no
 []


Underfull \hbox (badness 10000) in paragraph at lines 1792--1793
\OT1/cmr/m/n/12 en-force-able ac-cess
 []


Underfull \hbox (badness 3386) in paragraph at lines 1792--1793
\OT1/cmr/m/n/12 re-stric-tions on any
 []


Underfull \hbox (badness 10000) in paragraph at lines 1792--1793
\OT1/cmr/m/n/12 ePHI-hosting sys-
 []


Overfull \hbox (13.16827pt too wide) in paragraph at lines 1795--1795
[]|\OT1/cmr/bx/n/12 FW3--
 []


Underfull \hbox (badness 4013) in paragraph at lines 1796--1796
\OT1/cmr/m/n/12 tion; man-age-ment
 []


Underfull \hbox (badness 1874) in paragraph at lines 1798--1800
[]|\OT1/cmr/m/n/12 Absence of state-ful
 []


Underfull \hbox (badness 3492) in paragraph at lines 1798--1800
\OT1/cmr/m/n/12 track-ing and un-re-
 []


Underfull \hbox (badness 10000) in paragraph at lines 1798--1800
\OT1/cmr/m/n/12 ac-cess un-der-mine
 []


Underfull \hbox (badness 4752) in paragraph at lines 1798--1800
\OT1/cmr/m/n/12 the abil-ity to en-
 []


Underfull \hbox (badness 10000) in paragraph at lines 1798--1800
\OT1/cmr/m/n/12 force unique user
 []


Underfull \hbox (badness 10000) in paragraph at lines 1803--1803
[]|\OT1/cmr/m/n/12 Anonymous FTP
 []


Underfull \hbox (badness 10000) in paragraph at lines 1803--1803
\OT1/cmr/m/n/12 --- con-fi-den-tial
 []


Underfull \hbox (badness 10000) in paragraph at lines 1805--1806
[]|\OT1/cmr/m/n/12 Anonymous ac-cess
 []


Underfull \hbox (badness 1902) in paragraph at lines 1805--1806
\OT1/cmr/m/n/12 with no cre-den-tials
 []


Underfull \hbox (badness 1783) in paragraph at lines 1805--1806
\OT1/cmr/m/n/12 of the unique user
 []


Underfull \hbox (badness 4531) in paragraph at lines 1805--1806
\OT1/cmr/m/n/12 ID re-quire-ment ---
 []


Underfull \hbox (badness 10000) in paragraph at lines 1809--1809
[]|\OT1/cmr/m/n/12 Anonymous FTP
 []


Underfull \hbox (badness 10000) in paragraph at lines 1809--1809
\OT1/cmr/m/n/12 --- con-fi-den-tial
 []


Underfull \hbox (badness 1082) in paragraph at lines 1811--1813
[]|\OT1/cmr/m/n/12 Anonymous ses-sions
 []


Underfull \hbox (badness 10000) in paragraph at lines 1811--1813
\OT1/cmr/m/n/12 pro-duce no user-
 []


Underfull \hbox (badness 10000) in paragraph at lines 1811--1813
\OT1/cmr/m/n/12 attributable au-dit
 []


Underfull \hbox (badness 10000) in paragraph at lines 1811--1813
\OT1/cmr/m/n/12 record, mak-ing it
 []


Underfull \hbox (badness 2894) in paragraph at lines 1811--1813
\OT1/cmr/m/n/12 mine who ac-cessed
 []


Underfull \hbox (badness 2326) in paragraph at lines 1811--1813
\OT1/cmr/m/n/12 the con-fi-den-tial di-
 []


Underfull \hbox (badness 10000) in paragraph at lines 1816--1816
[]|\OT1/cmr/m/n/12 Cleartext HTTP
 []


Underfull \hbox (badness 10000) in paragraph at lines 1818--1819
[]|\OT1/cmr/m/n/12 Credentials trans-
 []


Underfull \hbox (badness 2126) in paragraph at lines 1818--1819
\OT1/cmr/m/n/12 mit-ted in plain-text
 []


Underfull \hbox (badness 4060) in paragraph at lines 1818--1819
\OT1/cmr/m/n/12 can be in-ter-cepted
 []


Underfull \hbox (badness 1448) in paragraph at lines 1818--1819
\OT1/cmr/m/n/12 min-ing the au-then-
 []


Underfull \hbox (badness 8189) in paragraph at lines 1818--1819
\OT1/cmr/m/n/12 ti-ca-tion mech-a-nism
 []


Underfull \hbox (badness 10000) in paragraph at lines 1822--1822
[]|\OT1/cmr/m/n/12 Cleartext HTTP
 []


Underfull \hbox (badness 10000) in paragraph at lines 1824--1826
[]|\OT1/cmr/m/n/12 Login cre-den-tials
 []


Underfull \hbox (badness 4660) in paragraph at lines 1824--1826
\OT1/cmr/m/n/12 --- and any ePHI
 []


Underfull \hbox (badness 1178) in paragraph at lines 1824--1826
\OT1/cmr/m/n/12 ac-ces-si-ble post-login
 []


Underfull \hbox (badness 2884) in paragraph at lines 1824--1826
\OT1/cmr/m/n/12 --- travel over the
 []


Underfull \hbox (badness 1466) in paragraph at lines 1824--1826
\OT1/cmr/m/n/12 and are sub-ject to
 []


Underfull \hbox (badness 1389) in paragraph at lines 1829--1829
[]|\OT1/cmr/m/n/12 FTP clear-t-ext au-
 []


Underfull \hbox (badness 10000) in paragraph at lines 1831--1833
[]|\OT1/cmr/m/n/12 FTP cre-den-tials
 []


Underfull \hbox (badness 10000) in paragraph at lines 1831--1833
\OT1/cmr/m/n/12 text are sub-ject
 []


Underfull \hbox (badness 10000) in paragraph at lines 1831--1833
\OT1/cmr/m/n/12 to the same in-
 []


Underfull \hbox (badness 10000) in paragraph at lines 1831--1833
\OT1/cmr/m/n/12 ter-cep-tion risk as
 []


Underfull \hbox (badness 10000) in paragraph at lines 1831--1833
\OT1/cmr/m/n/12 HTTP cre-den-tials,
 []


Underfull \hbox (badness 10000) in paragraph at lines 1831--1833
\OT1/cmr/m/n/12 in-val-i-dat-ing the
 []


Underfull \hbox (badness 1082) in paragraph at lines 1831--1833
\OT1/cmr/m/n/12 a-nism for any user
 []


Underfull \hbox (badness 3942) in paragraph at lines 1831--1833
\OT1/cmr/m/n/12 ac-cess-ing the FTP
 []


Underfull \hbox (badness 1389) in paragraph at lines 1836--1836
[]|\OT1/cmr/m/n/12 FTP clear-t-ext au-
 []


Underfull \hbox (badness 4454) in paragraph at lines 1838--1839
[]|\OT1/cmr/m/n/12 Authenticated FTP
 []


Underfull \hbox (badness 10000) in paragraph at lines 1838--1839
\OT1/cmr/m/n/12 ses-sions trans-mit
 []


Underfull \hbox (badness 10000) in paragraph at lines 1842--1842
[]|\OT1/cmr/m/n/12 Deprecated TLS
 []


Underfull \hbox (badness 10000) in paragraph at lines 1844--1846
[]|\OT1/cmr/m/n/12 Deprecated TLS
 []


Underfull \hbox (badness 10000) in paragraph at lines 1844--1846
\OT1/cmr/m/n/12 nesses en-abling
 []


Underfull \hbox (badness 10000) in paragraph at lines 1844--1846
\OT1/cmr/m/n/12 down-grade at-tacks,
 []


Underfull \hbox (badness 10000) in paragraph at lines 1849--1849
[]|\OT1/cmr/m/n/12 DCE/RPC end-
 []


Underfull \hbox (badness 1694) in paragraph at lines 1851--1853
\OT1/cmr/m/n/12 in-ter-nal ser-vices ---
 []


Underfull \hbox (badness 2486) in paragraph at lines 1851--1853
\OT1/cmr/m/n/12 in-clud-ing the se-cu-
 []


Underfull \hbox (badness 4060) in paragraph at lines 1851--1853
\OT1/cmr/m/n/12 rity au-thor-ity pro-
 []


Underfull \hbox (badness 1005) in paragraph at lines 1851--1853
\OT1/cmr/m/n/12 cess --- di-rectly fa-
 []


Underfull \hbox (badness 2165) in paragraph at lines 1851--1853
\OT1/cmr/m/n/12 cess con-trol by-pass
 []


Underfull \hbox (badness 10000) in paragraph at lines 1858--1859
[]|\OT1/cmr/m/n/12 64-bit MAC al-
 []


Underfull \hbox (badness 10000) in paragraph at lines 1858--1859
\OT1/cmr/m/n/12 go-rithms pro-vide
 []


Underfull \hbox (badness 2293) in paragraph at lines 1858--1859
\OT1/cmr/m/n/12 in-suf-fi-cient in-tegrity
 []


Underfull \hbox (badness 10000) in paragraph at lines 1858--1859
\OT1/cmr/m/n/12 as-sur-ance for ad-
 []


Underfull \hbox (badness 10000) in paragraph at lines 1858--1859
\OT1/cmr/m/n/12 that may in-volve
 []

c:/Users/kasch/OneDrive/Desktop/Spring26/Defense/Project2/Deliverable03/Schoen_Keith_Project02_D3.tex:1862: ignored error: Infinite glue shrinkage found in box being split

Package fancyhdr Warning: \headheight is too small (12.0pt): 
(fancyhdr)                Make it at least 14.49998pt, for example:
(fancyhdr)                \setlength{\headheight}{14.49998pt}.
(fancyhdr)                You might also make \topmargin smaller:
(fancyhdr)                \addtolength{\topmargin}{-2.49998pt}.

[40]
c:/Users/kasch/OneDrive/Desktop/Spring26/Defense/Project2/Deliverable03/Schoen_Keith_Project02_D3.tex:1862: ignored error: Infinite glue shrinkage found in box being split

Package fancyhdr Warning: \headheight is too small (12.0pt): 
(fancyhdr)                Make it at least 14.49998pt, for example:
(fancyhdr)                \setlength{\headheight}{14.49998pt}.
(fancyhdr)                You might also make \topmargin smaller:
(fancyhdr)                \addtolength{\topmargin}{-2.49998pt}.

[41]
c:/Users/kasch/OneDrive/Desktop/Spring26/Defense/Project2/Deliverable03/Schoen_Keith_Project02_D3.tex:1862: ignored error: Infinite glue shrinkage found in box being split

Package fancyhdr Warning: \headheight is too small (12.0pt): 
(fancyhdr)                Make it at least 14.49998pt, for example:
(fancyhdr)                \setlength{\headheight}{14.49998pt}.
(fancyhdr)                You might also make \topmargin smaller:
(fancyhdr)                \addtolength{\topmargin}{-2.49998pt}.

[42]
c:/Users/kasch/OneDrive/Desktop/Spring26/Defense/Project2/Deliverable03/Schoen_Keith_Project02_D3.tex:1862: ignored error: Infinite glue shrinkage found in box being split

Package fancyhdr Warning: \headheight is too small (12.0pt): 
(fancyhdr)                Make it at least 14.49998pt, for example:
(fancyhdr)                \setlength{\headheight}{14.49998pt}.
(fancyhdr)                You might also make \topmargin smaller:
(fancyhdr)                \addtolength{\topmargin}{-2.49998pt}.

[43]

Package fancyhdr Warning: \headheight is too small (12.0pt): 
(fancyhdr)                Make it at least 14.49998pt, for example:
(fancyhdr)                \setlength{\headheight}{14.49998pt}.
(fancyhdr)                You might also make \topmargin smaller:
(fancyhdr)                \addtolength{\topmargin}{-2.49998pt}.

[44]

Package fancyhdr Warning: \headheight is too small (12.0pt): 
(fancyhdr)                Make it at least 14.49998pt, for example:
(fancyhdr)                \setlength{\headheight}{14.49998pt}.
(fancyhdr)                You might also make \topmargin smaller:
(fancyhdr)                \addtolength{\topmargin}{-2.49998pt}.

[45]
Package mdframed Info: Not enough space on this page on input line 1941.

Overfull \hbox (7.10535pt too wide) in paragraph at lines 1954--1957
[]\OT1/cmr/bx/n/12 (R) \OT1/cmr/m/n/12 Have de-fault or vendor-supplied cre-den-tials been changed on all sys-tems? (Ubuntu,
 []


Package fancyhdr Warning: \headheight is too small (12.0pt): 
(fancyhdr)                Make it at least 14.49998pt, for example:
(fancyhdr)                \setlength{\headheight}{14.49998pt}.
(fancyhdr)                You might also make \topmargin smaller:
(fancyhdr)                \addtolength{\topmargin}{-2.49998pt}.

[46]

Package fancyhdr Warning: \headheight is too small (12.0pt): 
(fancyhdr)                Make it at least 14.49998pt, for example:
(fancyhdr)                \setlength{\headheight}{14.49998pt}.
(fancyhdr)                You might also make \topmargin smaller:
(fancyhdr)                \addtolength{\topmargin}{-2.49998pt}.

[47]
Overfull \hbox (112.29448pt too wide) in paragraph at lines 2051--2054
[]\OT1/cmr/m/n/12 If AUTH TLS: dated screen-shot of the vs-ftpd.conf show-ing \OT1/cmtt/m/n/12 ssl[]enable=YES \OT1/cmr/m/n/12 and \OT1/cmtt/m/n/12 force[]local[]logins[]ssl=YES\OT1/cmr/m/n/12 ;
 []


Package fancyhdr Warning: \headheight is too small (12.0pt): 
(fancyhdr)                Make it at least 14.49998pt, for example:
(fancyhdr)                \setlength{\headheight}{14.49998pt}.
(fancyhdr)                You might also make \topmargin smaller:
(fancyhdr)                \addtolength{\topmargin}{-2.49998pt}.

[48]
Overfull \hbox (10.33682pt too wide) in paragraph at lines 2076--2078
[]\OT1/cmr/m/n/12 PowerShell out-put of \OT1/cmtt/m/n/12 Get-Service -Name Spooler \OT1/cmr/m/n/12 con-firm-ing the Print Spooler is stopped
 []


Overfull \hbox (76.43327pt too wide) in paragraph at lines 2085--2089
[]\OT1/cmr/m/n/12 Dated copies of the up-dated \OT1/cmtt/m/n/12 /etc/ssh/sshd[]config \OT1/cmr/m/n/12 on Ubuntu and \OT1/cmtt/m/n/12 C:\OMS/cmtt/m/n/12 n\OT1/cmtt/m/n/12 ProgramData\OMS/cmtt/m/n/12 n\OT1/cmtt/m/n/12 ssh\OMS/cmtt/m/n/12 n\OT1/cmtt/m/n/12 sshd[]config
 []


Package fancyhdr Warning: \headheight is too small (12.0pt): 
(fancyhdr)                Make it at least 14.49998pt, for example:
(fancyhdr)                \setlength{\headheight}{14.49998pt}.
(fancyhdr)                You might also make \topmargin smaller:
(fancyhdr)                \addtolength{\topmargin}{-2.49998pt}.

[49]

Package fancyhdr Warning: \headheight is too small (12.0pt): 
(fancyhdr)                Make it at least 14.49998pt, for example:
(fancyhdr)                \setlength{\headheight}{14.49998pt}.
(fancyhdr)                You might also make \topmargin smaller:
(fancyhdr)                \addtolength{\topmargin}{-2.49998pt}.

[50]
Underfull \hbox (badness 10000) in paragraph at lines 2164--2164
[]|\OT1/cmr/bx/n/12 Linux Ad-
 []


Underfull \hbox (badness 10000) in paragraph at lines 2165--2169
[]|\OT1/cmr/m/n/12 Edits con-fig-u-ra-tion files on the Ubuntu
 []


Underfull \hbox (badness 3701) in paragraph at lines 2165--2169
\OT1/cmr/m/n/12 server (\OT1/cmtt/m/n/12 vsftpd.conf\OT1/cmr/m/n/12 , \OT1/cmtt/m/n/12 sshd[]config\OT1/cmr/m/n/12 , ap-pli-ca-
 []


Underfull \hbox (badness 1762) in paragraph at lines 2165--2169
\OT1/cmr/m/n/12 tion code), man-ages \OT1/cmtt/m/n/12 systemd \OT1/cmr/m/n/12 ser-vices, runs
 []


Underfull \hbox (badness 1975) in paragraph at lines 2165--2169
\OT1/cmtt/m/n/12 iptables \OT1/cmr/m/n/12 com-mands on the router, in-stalls
 []


Underfull \hbox (badness 2359) in paragraph at lines 2165--2169
\OT1/cmtt/m/n/12 iptables-persistent\OT1/cmr/m/n/12 , and im-ple-ments TLS
 []


Underfull \hbox (badness 10000) in paragraph at lines 2177--2177
[]|\OT1/cmr/bx/n/12 Change Co-
 []

c:/Users/kasch/OneDrive/Desktop/Spring26/Defense/Project2/Deliverable03/Schoen_Keith_Project02_D3.tex:2185: ignored error: Infinite glue shrinkage found in box being split

Package fancyhdr Warning: \headheight is too small (12.0pt): 
(fancyhdr)                Make it at least 14.49998pt, for example:
(fancyhdr)                \setlength{\headheight}{14.49998pt}.
(fancyhdr)                You might also make \topmargin smaller:
(fancyhdr)                \addtolength{\topmargin}{-2.49998pt}.

[51]

Package fancyhdr Warning: \headheight is too small (12.0pt): 
(fancyhdr)                Make it at least 14.49998pt, for example:
(fancyhdr)                \setlength{\headheight}{14.49998pt}.
(fancyhdr)                You might also make \topmargin smaller:
(fancyhdr)                \addtolength{\topmargin}{-2.49998pt}.

[52]
Overfull \hbox (12.88855pt too wide) in paragraph at lines 2203--2203
[]|\OT1/cmr/bx/n/12 Planning| 
 []


Overfull \hbox (23.63853pt too wide) in paragraph at lines 2204--2204
[]|\OT1/cmr/bx/n/12 Implement| 
 []


Underfull \hbox (badness 10000) in paragraph at lines 2205--2205
[]|\OT1/cmr/bx/n/12 Verify
 []


Overfull \hbox (0.60007pt too wide) in paragraph at lines 2207--2208
[]|\OT1/cmr/bx/n/12 Personnel| 
 []


Overfull \hbox (12.88855pt too wide) in paragraph at lines 2212--2212
[]|\OT1/cmr/bx/n/12 Planning| 
 []


Overfull \hbox (23.63853pt too wide) in paragraph at lines 2213--2213
[]|\OT1/cmr/bx/n/12 Implement| 
 []


Underfull \hbox (badness 10000) in paragraph at lines 2214--2214
[]|\OT1/cmr/bx/n/12 Verify
 []


Overfull \hbox (0.60007pt too wide) in paragraph at lines 2216--2217
[]|\OT1/cmr/bx/n/12 Personnel| 
 []


Overfull \hbox (7.47781pt too wide) in paragraph at lines 2220--2220
[]|\OT1/cmr/bx/n/12 FW1--
 []


Underfull \hbox (badness 4660) in paragraph at lines 2221--2221
[]|\OT1/cmr/m/n/12 Firewall hard-
 []


Underfull \hbox (badness 10000) in paragraph at lines 2226--2226
[]|\OT1/cmr/m/n/12 Linux
 []


Underfull \hbox (badness 10000) in paragraph at lines 2226--2226
\OT1/cmr/m/n/12 Ad-min +
 []


Underfull \hbox (badness 10000) in paragraph at lines 2226--2226
\OT1/cmr/m/n/12 Change
 []


Underfull \hbox (badness 10000) in paragraph at lines 2226--2226
\OT1/cmr/m/n/12 Co-or-di-na-
 []


Underfull \hbox (badness 10000) in paragraph at lines 2234--2234
[]|\OT1/cmr/m/n/12 Linux
 []


Underfull \hbox (badness 10000) in paragraph at lines 2234--2234
\OT1/cmr/m/n/12 Ad-min +
 []


Underfull \hbox (badness 10000) in paragraph at lines 2234--2234
\OT1/cmr/m/n/12 Change
 []


Underfull \hbox (badness 10000) in paragraph at lines 2234--2234
\OT1/cmr/m/n/12 Co-or-di-na-
 []


Underfull \hbox (badness 10000) in paragraph at lines 2237--2237
[]|\OT1/cmr/m/n/12 Enforce
 []


Underfull \hbox (badness 10000) in paragraph at lines 2237--2237
\OT1/cmr/m/n/12 HTTPS on
 []


Underfull \hbox (badness 10000) in paragraph at lines 2237--2237
\OT1/cmr/m/n/12 web ap-pli-ca-
 []


Underfull \hbox (badness 10000) in paragraph at lines 2242--2242
[]|\OT1/cmr/m/n/12 Linux
 []


Underfull \hbox (badness 10000) in paragraph at lines 2242--2242
\OT1/cmr/m/n/12 Ad-min +
 []


Underfull \hbox (badness 10000) in paragraph at lines 2242--2242
\OT1/cmr/m/n/12 Change
 []


Underfull \hbox (badness 10000) in paragraph at lines 2242--2242
\OT1/cmr/m/n/12 Co-or-di-na-
 []


Underfull \hbox (badness 10000) in paragraph at lines 2245--2245
[]|\OT1/cmr/m/n/12 Migrate FTP
 []


Underfull \hbox (badness 10000) in paragraph at lines 2245--2245
\OT1/cmr/m/n/12 to SFTP or
 []


Underfull \hbox (badness 1596) in paragraph at lines 2245--2245
\OT1/cmr/m/n/12 en-force AUTH
 []


Underfull \hbox (badness 10000) in paragraph at lines 2250--2250
[]|\OT1/cmr/m/n/12 Linux
 []


Underfull \hbox (badness 10000) in paragraph at lines 2250--2250
\OT1/cmr/m/n/12 Ad-min +
 []


Underfull \hbox (badness 10000) in paragraph at lines 2250--2250
\OT1/cmr/m/n/12 Change
 []


Underfull \hbox (badness 10000) in paragraph at lines 2250--2250
\OT1/cmr/m/n/12 Co-or-di-na-
 []


Underfull \hbox (badness 10000) in paragraph at lines 2254--2254
[]|\OT1/cmr/bx/n/12 13.0
 []


Package fancyhdr Warning: \headheight is too small (12.0pt): 
(fancyhdr)                Make it at least 14.49998pt, for example:
(fancyhdr)                \setlength{\headheight}{14.49998pt}.
(fancyhdr)                You might also make \topmargin smaller:
(fancyhdr)                \addtolength{\topmargin}{-2.49998pt}.

[53]
Package mdframed Info: Not enough space on this page on input line 2269.

Overfull \hbox (12.88855pt too wide) in paragraph at lines 2285--2285
[]|\OT1/cmr/bx/n/12 Planning| 
 []


Overfull \hbox (23.63853pt too wide) in paragraph at lines 2286--2286
[]|\OT1/cmr/bx/n/12 Implement| 
 []


Underfull \hbox (badness 10000) in paragraph at lines 2287--2287
[]|\OT1/cmr/bx/n/12 Verify
 []


Overfull \hbox (0.60007pt too wide) in paragraph at lines 2289--2290
[]|\OT1/cmr/bx/n/12 Personnel| 
 []


Overfull \hbox (12.88855pt too wide) in paragraph at lines 2294--2294
[]|\OT1/cmr/bx/n/12 Planning| 
 []


Overfull \hbox (23.63853pt too wide) in paragraph at lines 2295--2295
[]|\OT1/cmr/bx/n/12 Implement| 
 []


Underfull \hbox (badness 10000) in paragraph at lines 2296--2296
[]|\OT1/cmr/bx/n/12 Verify
 []


Overfull \hbox (0.60007pt too wide) in paragraph at lines 2298--2299
[]|\OT1/cmr/bx/n/12 Personnel| 
 []


Underfull \hbox (badness 10000) in paragraph at lines 2303--2303
[]|\OT1/cmr/m/n/12 Disable TLS
 []


Underfull \hbox (badness 10000) in paragraph at lines 2303--2303
\OT1/cmr/m/n/12 1.0/1.1 on
 []


Underfull \hbox (badness 10000) in paragraph at lines 2308--2308
[]|\OT1/cmr/m/n/12 Windows
 []


Underfull \hbox (badness 10000) in paragraph at lines 2308--2308
\OT1/cmr/m/n/12 Ad-min +
 []


Underfull \hbox (badness 10000) in paragraph at lines 2308--2308
\OT1/cmr/m/n/12 Change
 []


Underfull \hbox (badness 10000) in paragraph at lines 2308--2308
\OT1/cmr/m/n/12 Co-or-di-na-
 []


Underfull \hbox (badness 10000) in paragraph at lines 2311--2311
[]|\OT1/cmr/m/n/12 Restrict RPC
 []


Underfull \hbox (badness 1052) in paragraph at lines 2311--2311
\OT1/cmr/m/n/12 port 135; dis-
 []


Underfull \hbox (badness 10000) in paragraph at lines 2311--2311
\OT1/cmr/m/n/12 able Print
 []


Underfull \hbox (badness 10000) in paragraph at lines 2316--2316
[]|\OT1/cmr/m/n/12 Windows
 []


Underfull \hbox (badness 10000) in paragraph at lines 2316--2316
\OT1/cmr/m/n/12 Ad-min +
 []


Underfull \hbox (badness 10000) in paragraph at lines 2316--2316
\OT1/cmr/m/n/12 Change
 []


Underfull \hbox (badness 10000) in paragraph at lines 2316--2316
\OT1/cmr/m/n/12 Co-or-di-na-
 []

c:/Users/kasch/OneDrive/Desktop/Spring26/Defense/Project2/Deliverable03/Schoen_Keith_Project02_D3.tex:2324: ignored error: Infinite glue shrinkage found in box being split

Package fancyhdr Warning: \headheight is too small (12.0pt): 
(fancyhdr)                Make it at least 14.49998pt, for example:
(fancyhdr)                \setlength{\headheight}{14.49998pt}.
(fancyhdr)                You might also make \topmargin smaller:
(fancyhdr)                \addtolength{\topmargin}{-2.49998pt}.

[54]
Overfull \hbox (12.88855pt too wide) in paragraph at lines 2348--2348
[]|\OT1/cmr/bx/n/12 Planning| 
 []


Overfull \hbox (23.63853pt too wide) in paragraph at lines 2349--2349
[]|\OT1/cmr/bx/n/12 Implement| 
 []


Underfull \hbox (badness 10000) in paragraph at lines 2350--2350
[]|\OT1/cmr/bx/n/12 Verify
 []


Overfull \hbox (0.60007pt too wide) in paragraph at lines 2352--2353
[]|\OT1/cmr/bx/n/12 Personnel| 
 []


Overfull \hbox (12.88855pt too wide) in paragraph at lines 2357--2357
[]|\OT1/cmr/bx/n/12 Planning| 
 []


Overfull \hbox (23.63853pt too wide) in paragraph at lines 2358--2358
[]|\OT1/cmr/bx/n/12 Implement| 
 []


Underfull \hbox (badness 10000) in paragraph at lines 2359--2359
[]|\OT1/cmr/bx/n/12 Verify
 []


Overfull \hbox (0.60007pt too wide) in paragraph at lines 2361--2362
[]|\OT1/cmr/bx/n/12 Personnel| 
 []


Underfull \hbox (badness 10000) in paragraph at lines 2366--2366
[]|\OT1/cmr/m/n/12 Remove weak
 []


Underfull \hbox (badness 1286) in paragraph at lines 2366--2366
\OT1/cmr/m/n/12 SSH MAC al-
 []


Underfull \hbox (badness 10000) in paragraph at lines 2371--2371
[]|\OT1/cmr/m/n/12 Linux
 []


Underfull \hbox (badness 10000) in paragraph at lines 2371--2371
\OT1/cmr/m/n/12 Ad-min +
 []


Underfull \hbox (badness 10000) in paragraph at lines 2371--2371
\OT1/cmr/m/n/12 Win-dows
 []


Underfull \hbox (badness 10000) in paragraph at lines 2371--2371
\OT1/cmr/m/n/12 Ad-min +
 []


Underfull \hbox (badness 10000) in paragraph at lines 2371--2371
\OT1/cmr/m/n/12 Change
 []


Underfull \hbox (badness 10000) in paragraph at lines 2371--2371
\OT1/cmr/m/n/12 Co-or-di-na-
 []


Package fancyhdr Warning: \headheight is too small (12.0pt): 
(fancyhdr)                Make it at least 14.49998pt, for example:
(fancyhdr)                \setlength{\headheight}{14.49998pt}.
(fancyhdr)                You might also make \topmargin smaller:
(fancyhdr)                \addtolength{\topmargin}{-2.49998pt}.

[55]
Overfull \hbox (12.88855pt too wide) in paragraph at lines 2397--2397
[]|\OT1/cmr/bx/n/12 Planning| 
 []


Overfull \hbox (23.63853pt too wide) in paragraph at lines 2398--2398
[]|\OT1/cmr/bx/n/12 Implement| 
 []


Underfull \hbox (badness 10000) in paragraph at lines 2399--2399
[]|\OT1/cmr/bx/n/12 Verify
 []


Overfull \hbox (12.88855pt too wide) in paragraph at lines 2405--2405
[]|\OT1/cmr/bx/n/12 Planning| 
 []


Overfull \hbox (23.63853pt too wide) in paragraph at lines 2406--2406
[]|\OT1/cmr/bx/n/12 Implement| 
 []


Underfull \hbox (badness 10000) in paragraph at lines 2407--2407
[]|\OT1/cmr/bx/n/12 Verify
 []


Underfull \hbox (badness 10000) in paragraph at lines 2413--2413
[]|\OT1/cmr/m/n/12 Migrate from
 []


Underfull \hbox (badness 10000) in paragraph at lines 2418--2418
[]|\OT1/cmr/m/n/12 Linux Ad-
 []


Underfull \hbox (badness 10000) in paragraph at lines 2418--2418
\OT1/cmr/m/n/12 min (with
 []


Underfull \hbox (badness 10000) in paragraph at lines 2418--2418
\OT1/cmr/m/n/12 ap-pli-ca-tion
 []


Underfull \hbox (badness 10000) in paragraph at lines 2418--2418
\OT1/cmr/m/n/12 knowl-edge)
 []


Underfull \hbox (badness 10000) in paragraph at lines 2418--2418
\OT1/cmr/m/n/12 + Change
 []


Underfull \hbox (badness 10000) in paragraph at lines 2443--2443
[]|\OT1/cmr/bx/n/12 Total
 []


Underfull \hbox (badness 10000) in paragraph at lines 2444--2445
[]|\OT1/cmr/bx/n/12 Personnel
 []


Underfull \hbox (badness 10000) in paragraph at lines 2449--2449
[]|\OT1/cmr/bx/n/12 Total
 []


Underfull \hbox (badness 10000) in paragraph at lines 2450--2451
[]|\OT1/cmr/bx/n/12 Personnel
 []


Underfull \hbox (badness 3158) in paragraph at lines 2459--2459
[]|\OT1/cmr/m/n/12 Short-term win-dow (F4,
 []


Underfull \hbox (badness 4479) in paragraph at lines 2462--2462
\OT1/cmr/m/n/12 min, Change
 []


Underfull \hbox (badness 4479) in paragraph at lines 2467--2467
\OT1/cmr/m/n/12 min, Change
 []


Underfull \hbox (badness 10000) in paragraph at lines 2470--2470
[]|\OT1/cmr/m/n/12 Post-
 []


Underfull \hbox (badness 2343) in paragraph at lines 2472--2472
[]|\OT1/cmr/m/n/12 Linux Ad-min
 []


Underfull \hbox (badness 10000) in paragraph at lines 2472--2472
\OT1/cmr/m/n/12 (app knowl-
 []


Package fancyhdr Warning: \headheight is too small (12.0pt): 
(fancyhdr)                Make it at least 14.49998pt, for example:
(fancyhdr)                \setlength{\headheight}{14.49998pt}.
(fancyhdr)                You might also make \topmargin smaller:
(fancyhdr)                \addtolength{\topmargin}{-2.49998pt}.

[56]

Package fancyhdr Warning: \headheight is too small (12.0pt): 
(fancyhdr)                Make it at least 14.49998pt, for example:
(fancyhdr)                \setlength{\headheight}{14.49998pt}.
(fancyhdr)                You might also make \topmargin smaller:
(fancyhdr)                \addtolength{\topmargin}{-2.49998pt}.

[57]

Package fancyhdr Warning: \headheight is too small (12.0pt): 
(fancyhdr)                Make it at least 14.49998pt, for example:
(fancyhdr)                \setlength{\headheight}{14.49998pt}.
(fancyhdr)                You might also make \topmargin smaller:
(fancyhdr)                \addtolength{\topmargin}{-2.49998pt}.

[58] (Schoen_Keith_Project02_D3.aux)
 ***********
LaTeX2e <2025-11-01>
L3 programming layer <2025-10-24>
 ***********


LaTeX Font Warning: Some font shapes were not available, defaults substituted.

Package rerunfilecheck Info: File `Schoen_Keith_Project02_D3.out' has not changed.
(rerunfilecheck)             Checksum: 2D2496AC9F403FF9B6016B81B8C897BD;7095.
 ) 
Here is how much of TeX's memory you used:
 15102 strings out of 467871
 235967 string characters out of 5418375
 904163 words of memory out of 5000000
 43237 multiletter control sequences out of 15000+600000
 637107 words of font info for 74 fonts, out of 8000000 for 9000
 1141 hyphenation exceptions out of 8191
 76i,12n,83p,611b,2061s stack positions out of 10000i,1000n,20000p,200000b,200000s
 <C:\Users\kasch\AppData\Local\MiKTeX\fonts/pk/ljfour/jknappen/ec/dpi600\tctt1095.pk> <C:\Users\kasch\AppData\Local\MiKTeX\fonts/pk/ljfour/jknappen/ec/dpi600\tcrm1200.pk><C:/Users/kasch/AppData/Local/Programs/MiKTeX/fonts/type1/public/amsfonts/cm/cmbx10.pfb><C:/Users/kasch/AppData/Local/Programs/MiKTeX/fonts/type1/public/amsfonts/cm/cmbx12.pfb><C:/Users/kasch/AppData/Local/Programs/MiKTeX/fonts/type1/public/amsfonts/cm/cmmi12.pfb><C:/Users/kasch/AppData/Local/Programs/MiKTeX/fonts/type1/public/amsfonts/cm/cmr12.pfb><C:/Users/kasch/AppData/Local/Programs/MiKTeX/fonts/type1/public/amsfonts/cm/cmsy10.pfb><C:/Users/kasch/AppData/Local/Programs/MiKTeX/fonts/type1/public/amsfonts/cm/cmti12.pfb><C:/Users/kasch/AppData/Local/Programs/MiKTeX/fonts/type1/public/amsfonts/cm/cmtt10.pfb><C:/Users/kasch/AppData/Local/Programs/MiKTeX/fonts/type1/public/amsfonts/cm/cmtt12.pfb><C:/Users/kasch/AppData/Local/Programs/MiKTeX/fonts/type1/urw/zapfding/uzdr.pfb>
Output written on Schoen_Keith_Project02_D3.pdf (61 pages, 479779 bytes).
PDF statistics:
 1022 PDF objects out of 1200 (max. 8388607)
 526 named destinations out of 1000 (max. 500000)
 262 words of extra memory for PDF output out of 10000 (max. 10000000)

